Archive member included to satisfy reference by file (symbol)

C:/Program Files (x86)/Arm GNU Toolchain arm-none-eabi/14.2 rel1/bin/../lib/gcc/arm-none-eabi/14.2.1/thumb/v7e-m+fp/hard\libc_nano.a(libc_a-exit.o)
                              C:/Program Files (x86)/Arm GNU Toolchain arm-none-eabi/14.2 rel1/bin/../lib/gcc/arm-none-eabi/14.2.1/thumb/v7e-m+fp/hard/crt0.o (exit)
C:/Program Files (x86)/Arm GNU Toolchain arm-none-eabi/14.2 rel1/bin/../lib/gcc/arm-none-eabi/14.2.1/thumb/v7e-m+fp/hard\libc_nano.a(libc_a-nano-vfprintf_float.o)
                              (_printf_float)
C:/Program Files (x86)/Arm GNU Toolchain arm-none-eabi/14.2 rel1/bin/../lib/gcc/arm-none-eabi/14.2.1/thumb/v7e-m+fp/hard\libc_nano.a(libc_a-nano-vfprintf_i.o)
                              C:/Program Files (x86)/Arm GNU Toolchain arm-none-eabi/14.2 rel1/bin/../lib/gcc/arm-none-eabi/14.2.1/thumb/v7e-m+fp/hard\libc_nano.a(libc_a-nano-vfprintf_float.o) (_printf_common)
C:/Program Files (x86)/Arm GNU Toolchain arm-none-eabi/14.2 rel1/bin/../lib/gcc/arm-none-eabi/14.2.1/thumb/v7e-m+fp/hard\libc_nano.a(libc_a-findfp.o)
                              C:/Program Files (x86)/Arm GNU Toolchain arm-none-eabi/14.2 rel1/bin/../lib/gcc/arm-none-eabi/14.2.1/thumb/v7e-m+fp/hard\libc_nano.a(libc_a-exit.o) (__stdio_exit_handler)
C:/Program Files (x86)/Arm GNU Toolchain arm-none-eabi/14.2 rel1/bin/../lib/gcc/arm-none-eabi/14.2.1/thumb/v7e-m+fp/hard\libc_nano.a(libc_a-fwalk.o)
                              C:/Program Files (x86)/Arm GNU Toolchain arm-none-eabi/14.2 rel1/bin/../lib/gcc/arm-none-eabi/14.2.1/thumb/v7e-m+fp/hard\libc_nano.a(libc_a-findfp.o) (_fwalk_sglue)
C:/Program Files (x86)/Arm GNU Toolchain arm-none-eabi/14.2 rel1/bin/../lib/gcc/arm-none-eabi/14.2.1/thumb/v7e-m+fp/hard\libc_nano.a(libc_a-snprintf.o)
                              build/main.o (snprintf)
C:/Program Files (x86)/Arm GNU Toolchain arm-none-eabi/14.2 rel1/bin/../lib/gcc/arm-none-eabi/14.2.1/thumb/v7e-m+fp/hard\libc_nano.a(libc_a-stdio.o)
                              C:/Program Files (x86)/Arm GNU Toolchain arm-none-eabi/14.2 rel1/bin/../lib/gcc/arm-none-eabi/14.2.1/thumb/v7e-m+fp/hard\libc_nano.a(libc_a-findfp.o) (__sread)
C:/Program Files (x86)/Arm GNU Toolchain arm-none-eabi/14.2 rel1/bin/../lib/gcc/arm-none-eabi/14.2.1/thumb/v7e-m+fp/hard\libc_nano.a(libc_a-memset.o)
                              C:/Program Files (x86)/Arm GNU Toolchain arm-none-eabi/14.2 rel1/bin/../lib/gcc/arm-none-eabi/14.2.1/thumb/v7e-m+fp/hard/crt0.o (memset)
C:/Program Files (x86)/Arm GNU Toolchain arm-none-eabi/14.2 rel1/bin/../lib/gcc/arm-none-eabi/14.2.1/thumb/v7e-m+fp/hard\libc_nano.a(libc_a-localeconv.o)
                              C:/Program Files (x86)/Arm GNU Toolchain arm-none-eabi/14.2 rel1/bin/../lib/gcc/arm-none-eabi/14.2.1/thumb/v7e-m+fp/hard\libc_nano.a(libc_a-nano-vfprintf_float.o) (_localeconv_r)
C:/Program Files (x86)/Arm GNU Toolchain arm-none-eabi/14.2 rel1/bin/../lib/gcc/arm-none-eabi/14.2.1/thumb/v7e-m+fp/hard\libc_nano.a(libc_a-closer.o)
                              C:/Program Files (x86)/Arm GNU Toolchain arm-none-eabi/14.2 rel1/bin/../lib/gcc/arm-none-eabi/14.2.1/thumb/v7e-m+fp/hard\libc_nano.a(libc_a-stdio.o) (_close_r)
C:/Program Files (x86)/Arm GNU Toolchain arm-none-eabi/14.2 rel1/bin/../lib/gcc/arm-none-eabi/14.2.1/thumb/v7e-m+fp/hard\libc_nano.a(libc_a-reent.o)
                              C:/Program Files (x86)/Arm GNU Toolchain arm-none-eabi/14.2 rel1/bin/../lib/gcc/arm-none-eabi/14.2.1/thumb/v7e-m+fp/hard\libc_nano.a(libc_a-closer.o) (errno)
C:/Program Files (x86)/Arm GNU Toolchain arm-none-eabi/14.2 rel1/bin/../lib/gcc/arm-none-eabi/14.2.1/thumb/v7e-m+fp/hard\libc_nano.a(libc_a-impure.o)
                              C:/Program Files (x86)/Arm GNU Toolchain arm-none-eabi/14.2 rel1/bin/../lib/gcc/arm-none-eabi/14.2.1/thumb/v7e-m+fp/hard\libc_nano.a(libc_a-snprintf.o) (_impure_ptr)
C:/Program Files (x86)/Arm GNU Toolchain arm-none-eabi/14.2 rel1/bin/../lib/gcc/arm-none-eabi/14.2.1/thumb/v7e-m+fp/hard\libc_nano.a(libc_a-lseekr.o)
                              C:/Program Files (x86)/Arm GNU Toolchain arm-none-eabi/14.2 rel1/bin/../lib/gcc/arm-none-eabi/14.2.1/thumb/v7e-m+fp/hard\libc_nano.a(libc_a-stdio.o) (_lseek_r)
C:/Program Files (x86)/Arm GNU Toolchain arm-none-eabi/14.2 rel1/bin/../lib/gcc/arm-none-eabi/14.2.1/thumb/v7e-m+fp/hard\libc_nano.a(libc_a-readr.o)
                              C:/Program Files (x86)/Arm GNU Toolchain arm-none-eabi/14.2 rel1/bin/../lib/gcc/arm-none-eabi/14.2.1/thumb/v7e-m+fp/hard\libc_nano.a(libc_a-stdio.o) (_read_r)
C:/Program Files (x86)/Arm GNU Toolchain arm-none-eabi/14.2 rel1/bin/../lib/gcc/arm-none-eabi/14.2.1/thumb/v7e-m+fp/hard\libc_nano.a(libc_a-writer.o)
                              C:/Program Files (x86)/Arm GNU Toolchain arm-none-eabi/14.2 rel1/bin/../lib/gcc/arm-none-eabi/14.2.1/thumb/v7e-m+fp/hard\libc_nano.a(libc_a-stdio.o) (_write_r)
[...]
Memory Configuration

Name             Origin             Length             Attributes
RAM              0x20000000         0x00018000         xrw
RAM2             0x10000000         0x00008000         xrw
FLASH            0x08000000         0x00100000         xr
*default*        0x00000000         0xffffffff

Linker script and memory map

LOAD C:/Program Files (x86)/Arm GNU Toolchain arm-none-eabi/14.2 rel1/bin/../lib/gcc/arm-none-eabi/14.2.1/thumb/v7e-m+fp/hard/crti.o
LOAD C:/Program Files (x86)/Arm GNU Toolchain arm-none-eabi/14.2 rel1/bin/../lib/gcc/arm-none-eabi/14.2.1/thumb/v7e-m+fp/hard/crtbegin.o
LOAD C:/Program Files (x86)/Arm GNU Toolchain arm-none-eabi/14.2 rel1/bin/../lib/gcc/arm-none-eabi/14.2.1/thumb/v7e-m+fp/hard/crt0.o
LOAD build/main.o
LOAD build/gpio.o
LOAD build/adc.o
LOAD build/spi.o
LOAD build/usart.o
LOAD build/stm32l4xx_it.o
LOAD build/stm32l4xx_hal_msp.o
LOAD build/stm32l4xx_hal_adc.o
LOAD build/stm32l4xx_hal_adc_ex.o
LOAD build/stm32l4xx_hal.o
LOAD build/stm32l4xx_hal_rcc.o
LOAD build/stm32l4xx_hal_rcc_ex.o
LOAD build/stm32l4xx_hal_flash.o
LOAD build/stm32l4xx_hal_flash_ex.o
LOAD build/stm32l4xx_hal_flash_ramfunc.o
LOAD build/stm32l4xx_hal_gpio.o
LOAD build/stm32l4xx_hal_dma.o
LOAD build/stm32l4xx_hal_dma_ex.o
LOAD build/stm32l4xx_hal_pwr.o
LOAD build/stm32l4xx_hal_pwr_ex.o
LOAD build/stm32l4xx_hal_cortex.o
LOAD build/stm32l4xx_hal_exti.o
LOAD build/stm32l4xx_hal_spi.o
LOAD build/stm32l4xx_hal_spi_ex.o
LOAD build/stm32l4xx_hal_tim.o
LOAD build/stm32l4xx_hal_tim_ex.o
LOAD build/stm32l4xx_hal_uart.o
LOAD build/stm32l4xx_hal_uart_ex.o
LOAD build/system_stm32l4xx.o
LOAD build/mcp3208.o
LOAD build/startup_stm32l476xx.o
LOAD C:/Program Files (x86)/Arm GNU Toolchain arm-none-eabi/14.2 rel1/bin/../lib/gcc/arm-none-eabi/14.2.1/thumb/v7e-m+fp/hard\libc_nano.a
LOAD C:/Program Files (x86)/Arm GNU Toolchain arm-none-eabi/14.2 rel1/bin/../lib/gcc/arm-none-eabi/14.2.1/thumb/v7e-m+fp/hard\libm.a
LOAD C:/Program Files (x86)/Arm GNU Toolchain arm-none-eabi/14.2 rel1/bin/../lib/gcc/arm-none-eabi/14.2.1/thumb/v7e-m+fp/hard\libnosys.a
START GROUP
LOAD C:/Program Files (x86)/Arm GNU Toolchain arm-none-eabi/14.2 rel1/bin/../lib/gcc/arm-none-eabi/14.2.1/thumb/v7e-m+fp/hard\libgcc.a
LOAD C:/Program Files (x86)/Arm GNU Toolchain arm-none-eabi/14.2 rel1/bin/../lib/gcc/arm-none-eabi/14.2.1/thumb/v7e-m+fp/hard\libc_nano.a
END GROUP
START GROUP
LOAD C:/Program Files (x86)/Arm GNU Toolchain arm-none-eabi/14.2 rel1/bin/../lib/gcc/arm-none-eabi/14.2.1/thumb/v7e-m+fp/hard\libgcc.a
LOAD C:/Program Files (x86)/Arm GNU Toolchain arm-none-eabi/14.2 rel1/bin/../lib/gcc/arm-none-eabi/14.2.1/thumb/v7e-m+fp/hard\libc_nano.a
END GROUP
LOAD C:/Program Files (x86)/Arm GNU Toolchain arm-none-eabi/14.2 rel1/bin/../lib/gcc/arm-none-eabi/14.2.1/thumb/v7e-m+fp/hard/crtend.o
LOAD C:/Program Files (x86)/Arm GNU Toolchain arm-none-eabi/14.2 rel1/bin/../lib/gcc/arm-none-eabi/14.2.1/thumb/v7e-m+fp/hard/crtn.o
                0x20018000                        _estack = (ORIGIN (RAM) + LENGTH (RAM))
                0x00000200                        _Min_Heap_Size = 0x200
                0x00000400                        _Min_Stack_Size = 0x400

.isr_vector     0x08000000      0x188
                0x08000000                        . = ALIGN (0x8)
 *(.isr_vector)
 .isr_vector    0x08000000      0x188 build/startup_stm32l476xx.o
                0x08000000                g_pfnVectors
                0x08000188                        . = ALIGN (0x8)

.text           0x08000190     0x7168
                0x08000190                        . = ALIGN (0x8)
 *(.text)
 .text          0x08000190       0xa0 C:/Program Files (x86)/Arm GNU Toolchain arm-none-eabi/14.2 rel1/bin/../lib/gcc/arm-none-eabi/14.2.1/thumb/v7e-m+fp/hard\libc_nano.a(libc_a-memchr.o)
                0x08000190                memchr
 .text          0x08000230       0x10 C:/Program Files (x86)/Arm GNU Toolchain arm-none-eabi/14.2 rel1/bin/../lib/gcc/arm-none-eabi/14.2.1/thumb/v7e-m+fp/hard\libc_nano.a(libc_a-strlen.o)
                0x08000230                strlen
 .text          0x08000240      0x378 C:/Program Files (x86)/Arm GNU Toolchain arm-none-eabi/14.2 rel1/bin/../lib/gcc/arm-none-eabi/14.2.1/thumb/v7e-m+fp/hard\libgcc.a(_arm_addsubdf3.o)
                0x08000240                __aeabi_drsub
                0x08000248                __aeabi_dsub
                0x08000248                __subdf3
                0x0800024c                __aeabi_dadd
                0x0800024c                __adddf3
                0x080004c4                __floatunsidf
                0x080004c4                __aeabi_ui2d
                0x080004e4                __floatsidf
                0x080004e4                __aeabi_i2d
                0x08000508                __aeabi_f2d
                0x08000508                __extendsfdf2
                0x0800054c                __floatundidf
                0x0800054c                __aeabi_ul2d
                0x0800055c                __floatdidf
                0x0800055c                __aeabi_l2d
 .text          0x080005b8      0x424 C:/Program Files (x86)/Arm GNU Toolchain arm-none-eabi/14.2 rel1/bin/../lib/gcc/arm-none-eabi/14.2.1/thumb/v7e-m+fp/hard\libgcc.a(_arm_muldivdf3.o)
                0x080005b8                __aeabi_dmul
                0x080005b8                __muldf3
                0x0800080c                __divdf3
                0x0800080c                __aeabi_ddiv
 .text          0x080009dc      0x110 C:/Program Files (x86)/Arm GNU Toolchain arm-none-eabi/14.2 rel1/bin/../lib/gcc/arm-none-eabi/14.2.1/thumb/v7e-m+fp/hard\libgcc.a(_arm_cmpdf2.o)
                0x080009dc                __gtdf2
                0x080009dc                __gedf2
                0x080009e4                __ltdf2
                0x080009e4                __ledf2
                0x080009ec                __nedf2
                0x080009ec                __eqdf2
                0x080009ec                __cmpdf2
                0x08000a68                __aeabi_cdrcmple
                0x08000a78                __aeabi_cdcmpeq
                0x08000a78                __aeabi_cdcmple
                0x08000a88                __aeabi_dcmpeq
                0x08000a9c                __aeabi_dcmplt
                0x08000ab0                __aeabi_dcmple
                0x08000ac4                __aeabi_dcmpge
                0x08000ad8                __aeabi_dcmpgt
 .text          0x08000aec       0x2c C:/Program Files (x86)/Arm GNU Toolchain arm-none-eabi/14.2 rel1/bin/../lib/gcc/arm-none-eabi/14.2.1/thumb/v7e-m+fp/hard\libgcc.a(_arm_unorddf2.o)
                0x08000aec                __unorddf2
                0x08000aec                __aeabi_dcmpun
 .text          0x08000b18       0x50 C:/Program Files (x86)/Arm GNU Toolchain arm-none-eabi/14.2 rel1/bin/../lib/gcc/arm-none-eabi/14.2.1/thumb/v7e-m+fp/hard\libgcc.a(_arm_fixdfsi.o)
                0x08000b18                __aeabi_d2iz
                0x08000b18                __fixdfsi
 .text          0x08000b68       0x30 C:/Program Files (x86)/Arm GNU Toolchain arm-none-eabi/14.2 rel1/bin/../lib/gcc/arm-none-eabi/14.2.1/thumb/v7e-m+fp/hard\libgcc.a(_aeabi_uldivmod.o)
                0x08000b68                __aeabi_uldivmod
 .text          0x08000b98        0x4 C:/Program Files (x86)/Arm GNU Toolchain arm-none-eabi/14.2 rel1/bin/../lib/gcc/arm-none-eabi/14.2.1/thumb/v7e-m+fp/hard\libgcc.a(_dvmd_tls.o)
                0x08000b98                __aeabi_idiv0
                0x08000b98                __aeabi_ldiv0
 *(.text*)
 .text.deregister_tm_clones
                0x08000b9c       0x1c C:/Program Files (x86)/Arm GNU Toolchain arm-none-eabi/14.2 rel1/bin/../lib/gcc/arm-none-eabi/14.2.1/thumb/v7e-m+fp/hard/crtbegin.o
 .text.register_tm_clones
                0x08000bb8       0x24 C:/Program Files (x86)/Arm GNU Toolchain arm-none-eabi/14.2 rel1/bin/../lib/gcc/arm-none-eabi/14.2.1/thumb/v7e-m+fp/hard/crtbegin.o
 .text.__do_global_dtors_aux
                0x08000bdc       0x28 C:/Program Files (x86)/Arm GNU Toolchain arm-none-eabi/14.2 rel1/bin/../lib/gcc/arm-none-eabi/14.2.1/thumb/v7e-m+fp/hard/crtbegin.o
 .text.frame_dummy
                0x08000c04       0x24 C:/Program Files (x86)/Arm GNU Toolchain arm-none-eabi/14.2 rel1/bin/../lib/gcc/arm-none-eabi/14.2.1/thumb/v7e-m+fp/hard/crtbegin.o
 .text.App_ConvertADCtoVoltage
                0x08000c28       0x30 build/main.o
 .text.App_PrintSeparator
                0x08000c58       0x18 build/main.o
 .text.App_ReadInternalADC
                0x08000c70       0x40 build/main.o
 .text.App_MeasureAndTransmit
                0x08000cb0      0x168 build/main.o
 .text.Error_Handler
                0x08000e18        0x4 build/main.o
                0x08000e18                Error_Handler
 .text.App_Init
                0x08000e1c       0x34 build/main.o
 .text.SystemClock_Config
                0x08000e50       0x7a build/main.o
                0x08000e50                SystemClock_Config
 .text.main     0x08000eca       0x2c build/main.o
                0x08000eca                main
 *fill*         0x08000ef6        0x2 
 .text.MX_GPIO_Init
                0x08000ef8       0x64 build/gpio.o
                0x08000ef8                MX_GPIO_Init
 .text.MX_ADC1_Init
                0x08000f5c       0xa0 build/adc.o
                0x08000f5c                MX_ADC1_Init
 .text.HAL_ADC_MspInit
                0x08000ffc       0xa0 build/adc.o
                0x08000ffc                HAL_ADC_MspInit
 .text.MX_SPI1_Init
                0x0800109c       0x4c build/spi.o
                0x0800109c                MX_SPI1_Init
 .text.HAL_SPI_MspInit
                0x080010e8       0x68 build/spi.o
                0x080010e8                HAL_SPI_MspInit
 .text.MX_USART2_UART_Init
                0x08001150       0x38 build/usart.o
                0x08001150                MX_USART2_UART_Init
 .text.HAL_UART_MspInit
                0x08001188       0x88 build/usart.o
                0x08001188                HAL_UART_MspInit
 .text.NMI_Handler
                0x08001210        0x2 build/stm32l4xx_it.o
                0x08001210                NMI_Handler
 .text.HardFault_Handler
                0x08001212        0x2 build/stm32l4xx_it.o
                0x08001212                HardFault_Handler
 .text.MemManage_Handler
                0x08001214        0x2 build/stm32l4xx_it.o
                0x08001214                MemManage_Handler
 .text.BusFault_Handler
                0x08001216        0x2 build/stm32l4xx_it.o
                0x08001216                BusFault_Handler
 .text.UsageFault_Handler
                0x08001218        0x2 build/stm32l4xx_it.o
                0x08001218                UsageFault_Handler
 .text.SVC_Handler
                0x0800121a        0x2 build/stm32l4xx_it.o
                0x0800121a                SVC_Handler
 .text.DebugMon_Handler
                0x0800121c        0x2 build/stm32l4xx_it.o
                0x0800121c                DebugMon_Handler
 .text.PendSV_Handler
                0x0800121e        0x2 build/stm32l4xx_it.o
                0x0800121e                PendSV_Handler
 .text.SysTick_Handler
                0x08001220        0x8 build/stm32l4xx_it.o
                0x08001220                SysTick_Handler
 .text.HAL_MspInit
                0x08001228       0x30 build/stm32l4xx_hal_msp.o
                0x08001228                HAL_MspInit
 .text.LL_ADC_REG_SetSequencerRanks
                0x08001258       0x30 build/stm32l4xx_hal_adc.o
 .text.LL_ADC_SetChannelSamplingTime
                0x08001288       0x2c build/stm32l4xx_hal_adc.o
 .text.HAL_ADC_Init
                0x080012b4      0x1f0 build/stm32l4xx_hal_adc.o
                0x080012b4                HAL_ADC_Init
 .text.HAL_ADC_PollForConversion
                0x080014a4      0x11c build/stm32l4xx_hal_adc.o
                0x080014a4                HAL_ADC_PollForConversion
 .text.HAL_ADC_GetValue
                0x080015c0        0x6 build/stm32l4xx_hal_adc.o
                0x080015c0                HAL_ADC_GetValue
 *fill*         0x080015c6        0x2 
 .text.HAL_ADC_ConfigChannel
                0x080015c8      0x440 build/stm32l4xx_hal_adc.o
                0x080015c8                HAL_ADC_ConfigChannel
 .text.ADC_ConversionStop
                0x08001a08      0x104 build/stm32l4xx_hal_adc.o
                0x08001a08                ADC_ConversionStop
 .text.ADC_Enable
                0x08001b0c       0xdc build/stm32l4xx_hal_adc.o
                0x08001b0c                ADC_Enable
 .text.HAL_ADC_Start
                0x08001be8       0xfc build/stm32l4xx_hal_adc.o
                0x08001be8                HAL_ADC_Start
 .text.ADC_Disable
                0x08001ce4       0x94 build/stm32l4xx_hal_adc.o
                0x08001ce4                ADC_Disable
 .text.HAL_ADC_Stop
                0x08001d78       0x42 build/stm32l4xx_hal_adc.o
                0x08001d78                HAL_ADC_Stop
 .text.HAL_ADCEx_Calibration_Start
                0x08001dba       0x98 build/stm32l4xx_hal_adc_ex.o
                0x08001dba                HAL_ADCEx_Calibration_Start
 *fill*         0x08001e52        0x2 
 .text.HAL_ADCEx_MultiModeConfigChannel
                0x08001e54      0x13c build/stm32l4xx_hal_adc_ex.o
                0x08001e54                HAL_ADCEx_MultiModeConfigChannel
 .text.HAL_InitTick
                0x08001f90       0x50 build/stm32l4xx_hal.o
                0x08001f90                HAL_InitTick
 .text.HAL_Init
                0x08001fe0       0x2c build/stm32l4xx_hal.o
                0x08001fe0                HAL_Init
 .text.HAL_IncTick
                0x0800200c       0x18 build/stm32l4xx_hal.o
                0x0800200c                HAL_IncTick
 .text.HAL_GetTick
                0x08002024        0xc build/stm32l4xx_hal.o
                0x08002024                HAL_GetTick
 .text.HAL_Delay
                0x08002030       0x28 build/stm32l4xx_hal.o
                0x08002030                HAL_Delay
 .text.RCC_SetFlashLatencyFromMSIRange
                0x08002058       0x90 build/stm32l4xx_hal_rcc.o
 .text.HAL_RCC_GetSysClockFreq
                0x080020e8       0xa8 build/stm32l4xx_hal_rcc.o
                0x080020e8                HAL_RCC_GetSysClockFreq
 .text.HAL_RCC_OscConfig
                0x08002190      0x61c build/stm32l4xx_hal_rcc.o
                0x08002190                HAL_RCC_OscConfig
 .text.HAL_RCC_ClockConfig
                0x080027ac      0x188 build/stm32l4xx_hal_rcc.o
                0x080027ac                HAL_RCC_ClockConfig
 .text.HAL_RCC_GetHCLKFreq
                0x08002934        0xc build/stm32l4xx_hal_rcc.o
                0x08002934                HAL_RCC_GetHCLKFreq
 .text.HAL_RCC_GetPCLK1Freq
                0x08002940       0x24 build/stm32l4xx_hal_rcc.o
                0x08002940                HAL_RCC_GetPCLK1Freq
 .text.HAL_RCC_GetPCLK2Freq
                0x08002964       0x24 build/stm32l4xx_hal_rcc.o
                0x08002964                HAL_RCC_GetPCLK2Freq
 .text.RCCEx_PLLSAI1_Config
                0x08002988      0x170 build/stm32l4xx_hal_rcc_ex.o
 .text.RCCEx_PLLSAI2_Config
                0x08002af8      0x14c build/stm32l4xx_hal_rcc_ex.o
 .text.HAL_RCCEx_PeriphCLKConfig
                0x08002c44      0x454 build/stm32l4xx_hal_rcc_ex.o
                0x08002c44                HAL_RCCEx_PeriphCLKConfig
 .text.HAL_GPIO_Init
                0x08003098      0x200 build/stm32l4xx_hal_gpio.o
                0x08003098                HAL_GPIO_Init
 .text.HAL_GPIO_WritePin
                0x08003298        0xa build/stm32l4xx_hal_gpio.o
                0x08003298                HAL_GPIO_WritePin
 *fill*         0x080032a2        0x2 
 .text.HAL_PWREx_GetVoltageRange
                0x080032a4       0x10 build/stm32l4xx_hal_pwr_ex.o
                0x080032a4                HAL_PWREx_GetVoltageRange
 .text.HAL_PWREx_ControlVoltageScaling
                0x080032b4       0x90 build/stm32l4xx_hal_pwr_ex.o
                0x080032b4                HAL_PWREx_ControlVoltageScaling
 .text.__NVIC_SetPriority
                0x08003344       0x28 build/stm32l4xx_hal_cortex.o
 .text.NVIC_EncodePriority
                0x0800336c       0x3e build/stm32l4xx_hal_cortex.o
 *fill*         0x080033aa        0x2 
 .text.HAL_NVIC_SetPriorityGrouping
                0x080033ac       0x24 build/stm32l4xx_hal_cortex.o
                0x080033ac                HAL_NVIC_SetPriorityGrouping
 .text.HAL_NVIC_SetPriority
                0x080033d0       0x20 build/stm32l4xx_hal_cortex.o
                0x080033d0                HAL_NVIC_SetPriority
 .text.HAL_SYSTICK_Config
                0x080033f0       0x28 build/stm32l4xx_hal_cortex.o
                0x080033f0                HAL_SYSTICK_Config
 .text.SPI_WaitFlagStateUntilTimeout
                0x08003418       0xc8 build/stm32l4xx_hal_spi.o
 .text.SPI_WaitFifoStateUntilTimeout
                0x080034e0       0xf0 build/stm32l4xx_hal_spi.o
 .text.SPI_EndRxTxTransaction
                0x080035d0       0x62 build/stm32l4xx_hal_spi.o
 .text.HAL_SPI_Init
                0x08003632       0xde build/stm32l4xx_hal_spi.o
                0x08003632                HAL_SPI_Init
 .text.HAL_SPI_TransmitReceive
                0x08003710      0x2fc build/stm32l4xx_hal_spi.o
                0x08003710                HAL_SPI_TransmitReceive
 .text.UART_EndRxTransfer
                0x08003a0c       0x52 build/stm32l4xx_hal_uart.o
 *fill*         0x08003a5e        0x2 
 .text.UART_SetConfig
                0x08003a60      0x328 build/stm32l4xx_hal_uart.o
                0x08003a60                UART_SetConfig
 .text.UART_AdvFeatureConfig
                0x08003d88       0xca build/stm32l4xx_hal_uart.o
                0x08003d88                UART_AdvFeatureConfig
 .text.UART_WaitOnFlagUntilTimeout
                0x08003e52       0x9e build/stm32l4xx_hal_uart.o
                0x08003e52                UART_WaitOnFlagUntilTimeout
 .text.HAL_UART_Transmit
                0x08003ef0       0xd6 build/stm32l4xx_hal_uart.o
                0x08003ef0                HAL_UART_Transmit
 .text.UART_CheckIdleState
                0x08003fc6       0xc6 build/stm32l4xx_hal_uart.o
                0x08003fc6                UART_CheckIdleState
 .text.HAL_UART_Init
                0x0800408c       0x62 build/stm32l4xx_hal_uart.o
                0x0800408c                HAL_UART_Init
 *fill*         0x080040ee        0x2 
 .text.SystemInit
                0x080040f0       0x14 build/system_stm32l4xx.o
                0x080040f0                SystemInit
 .text.MCP3208_Init
                0x08004104       0x18 build/mcp3208.o
                0x08004104                MCP3208_Init
 .text.MCP3208_ReadRaw
                0x0800411c       0xb0 build/mcp3208.o
                0x0800411c                MCP3208_ReadRaw
 .text.MCP3208_ReadVoltage
                0x080041cc       0x40 build/mcp3208.o
                0x080041cc                MCP3208_ReadVoltage
 .text.Reset_Handler
                0x0800420c       0x50 build/startup_stm32l476xx.o
                0x0800420c                Reset_Handler
 .text.Default_Handler
                0x0800425c        0x2 build/startup_stm32l476xx.o
                0x0800425c                RTC_Alarm_IRQHandler
                0x0800425c                EXTI2_IRQHandler
                0x0800425c                TIM8_TRG_COM_IRQHandler
                0x0800425c                TIM8_CC_IRQHandler
                0x0800425c                TIM1_CC_IRQHandler
                0x0800425c                TSC_IRQHandler
                0x0800425c                TAMP_STAMP_IRQHandler
                0x0800425c                EXTI3_IRQHandler
                0x0800425c                LPTIM2_IRQHandler
                0x0800425c                DFSDM1_FLT1_IRQHandler
                0x0800425c                I2C3_ER_IRQHandler
                0x0800425c                DFSDM1_FLT2_IRQHandler
                0x0800425c                EXTI0_IRQHandler
                0x0800425c                I2C2_EV_IRQHandler
                0x0800425c                CAN1_RX0_IRQHandler
                0x0800425c                FPU_IRQHandler
                0x0800425c                TIM1_UP_TIM16_IRQHandler
                0x0800425c                ADC1_2_IRQHandler
                0x0800425c                SPI1_IRQHandler
                0x0800425c                TIM6_DAC_IRQHandler
                0x0800425c                TIM8_UP_IRQHandler
                0x0800425c                DMA2_Channel2_IRQHandler
                0x0800425c                DMA1_Channel4_IRQHandler
                0x0800425c                SAI2_IRQHandler
                0x0800425c                DFSDM1_FLT3_IRQHandler
                0x0800425c                USART3_IRQHandler
                0x0800425c                DMA1_Channel7_IRQHandler
                0x0800425c                CAN1_RX1_IRQHandler
                0x0800425c                LCD_IRQHandler
                0x0800425c                UART5_IRQHandler
                0x0800425c                ADC3_IRQHandler
                0x0800425c                TIM4_IRQHandler
                0x0800425c                DMA2_Channel1_IRQHandler
                0x0800425c                QUADSPI_IRQHandler
                0x0800425c                I2C1_EV_IRQHandler
                0x0800425c                DMA1_Channel6_IRQHandler
                0x0800425c                UART4_IRQHandler
                0x0800425c                DMA2_Channel4_IRQHandler
                0x0800425c                TIM3_IRQHandler
                0x0800425c                RCC_IRQHandler
                0x0800425c                DMA1_Channel1_IRQHandler
                0x0800425c                Default_Handler
                0x0800425c                DMA2_Channel7_IRQHandler
                0x0800425c                EXTI15_10_IRQHandler
                0x0800425c                TIM7_IRQHandler
                0x0800425c                SDMMC1_IRQHandler
                0x0800425c                TIM5_IRQHandler
                0x0800425c                I2C3_EV_IRQHandler
                0x0800425c                EXTI9_5_IRQHandler
                0x0800425c                RTC_WKUP_IRQHandler
                0x0800425c                PVD_PVM_IRQHandler
                0x0800425c                SPI2_IRQHandler
                0x0800425c                CAN1_TX_IRQHandler
                0x0800425c                DMA2_Channel5_IRQHandler
                0x0800425c                DMA1_Channel5_IRQHandler
                0x0800425c                EXTI4_IRQHandler
                0x0800425c                RNG_IRQHandler
                0x0800425c                TIM1_TRG_COM_TIM17_IRQHandler
                0x0800425c                DMA1_Channel3_IRQHandler
                0x0800425c                COMP_IRQHandler
                0x0800425c                WWDG_IRQHandler
                0x0800425c                LPUART1_IRQHandler
                0x0800425c                DMA2_Channel6_IRQHandler
                0x0800425c                TIM2_IRQHandler
                0x0800425c                EXTI1_IRQHandler
                0x0800425c                USART2_IRQHandler
                0x0800425c                DFSDM1_FLT0_IRQHandler
                0x0800425c                I2C2_ER_IRQHandler
                0x0800425c                DMA1_Channel2_IRQHandler
                0x0800425c                TIM8_BRK_IRQHandler
                0x0800425c                CAN1_SCE_IRQHandler
                0x0800425c                FLASH_IRQHandler
                0x0800425c                USART1_IRQHandler
                0x0800425c                OTG_FS_IRQHandler
                0x0800425c                SPI3_IRQHandler
                0x0800425c                I2C1_ER_IRQHandler
                0x0800425c                FMC_IRQHandler
                0x0800425c                SWPMI1_IRQHandler
                0x0800425c                LPTIM1_IRQHandler
                0x0800425c                SAI1_IRQHandler
                0x0800425c                DMA2_Channel3_IRQHandler
                0x0800425c                TIM1_BRK_TIM15_IRQHandler
 .text.__cvt    0x0800425e       0xca C:/Program Files (x86)/Arm GNU Toolchain arm-none-eabi/14.2 rel1/bin/../lib/gcc/arm-none-eabi/14.2.1/thumb/v7e-m+fp/hard\libc_nano.a(libc_a-nano-vfprintf_float.o)
                0x0800425e                __cvt
 .text.__exponent
                0x08004328       0x74 C:/Program Files (x86)/Arm GNU Toolchain arm-none-eabi/14.2 rel1/bin/../lib/gcc/arm-none-eabi/14.2.1/thumb/v7e-m+fp/hard\libc_nano.a(libc_a-nano-vfprintf_float.o)
                0x08004328                __exponent
 .text._printf_float
                0x0800439c      0x450 C:/Program Files (x86)/Arm GNU Toolchain arm-none-eabi/14.2 rel1/bin/../lib/gcc/arm-none-eabi/14.2.1/thumb/v7e-m+fp/hard\libc_nano.a(libc_a-nano-vfprintf_float.o)
                0x0800439c                _printf_float
 .text._printf_common
                0x080047ec       0xda C:/Program Files (x86)/Arm GNU Toolchain arm-none-eabi/14.2 rel1/bin/../lib/gcc/arm-none-eabi/14.2.1/thumb/v7e-m+fp/hard\libc_nano.a(libc_a-nano-vfprintf_i.o)
                0x080047ec                _printf_common
 *fill*         0x080048c6        0x2 
 .text._printf_i
                0x080048c8      0x240 C:/Program Files (x86)/Arm GNU Toolchain arm-none-eabi/14.2 rel1/bin/../lib/gcc/arm-none-eabi/14.2.1/thumb/v7e-m+fp/hard\libc_nano.a(libc_a-nano-vfprintf_i.o)
                0x080048c8                _printf_i
 .text.std      0x08004b08       0x6c C:/Program Files (x86)/Arm GNU Toolchain arm-none-eabi/14.2 rel1/bin/../lib/gcc/arm-none-eabi/14.2.1/thumb/v7e-m+fp/hard\libc_nano.a(libc_a-findfp.o)
 .text.stdio_exit_handler
                0x08004b74       0x18 C:/Program Files (x86)/Arm GNU Toolchain arm-none-eabi/14.2 rel1/bin/../lib/gcc/arm-none-eabi/14.2.1/thumb/v7e-m+fp/hard\libc_nano.a(libc_a-findfp.o)
 .text.cleanup_stdio
                0x08004b8c       0x40 C:/Program Files (x86)/Arm GNU Toolchain arm-none-eabi/14.2 rel1/bin/../lib/gcc/arm-none-eabi/14.2.1/thumb/v7e-m+fp/hard\libc_nano.a(libc_a-findfp.o)
 .text.global_stdio_init.part.0
                0x08004bcc       0x40 C:/Program Files (x86)/Arm GNU Toolchain arm-none-eabi/14.2 rel1/bin/../lib/gcc/arm-none-eabi/14.2.1/thumb/v7e-m+fp/hard\libc_nano.a(libc_a-findfp.o)
 .text.__sfp_lock_acquire
                0x08004c0c        0xc C:/Program Files (x86)/Arm GNU Toolchain arm-none-eabi/14.2 rel1/bin/../lib/gcc/arm-none-eabi/14.2.1/thumb/v7e-m+fp/hard\libc_nano.a(libc_a-findfp.o)
                0x08004c0c                __sfp_lock_acquire
 .text.__sfp_lock_release
                0x08004c18        0xc C:/Program Files (x86)/Arm GNU Toolchain arm-none-eabi/14.2 rel1/bin/../lib/gcc/arm-none-eabi/14.2.1/thumb/v7e-m+fp/hard\libc_nano.a(libc_a-findfp.o)
                0x08004c18                __sfp_lock_release
 .text.__sinit  0x08004c24       0x30 C:/Program Files (x86)/Arm GNU Toolchain arm-none-eabi/14.2 rel1/bin/../lib/gcc/arm-none-eabi/14.2.1/thumb/v7e-m+fp/hard\libc_nano.a(libc_a-findfp.o)
                0x08004c24                __sinit
 .text._fwalk_sglue
                0x08004c54       0x3c C:/Program Files (x86)/Arm GNU Toolchain arm-none-eabi/14.2 rel1/bin/../lib/gcc/arm-none-eabi/14.2.1/thumb/v7e-m+fp/hard\libc_nano.a(libc_a-fwalk.o)
                0x08004c54                _fwalk_sglue
 .text.snprintf
                0x08004c90       0x6c C:/Program Files (x86)/Arm GNU Toolchain arm-none-eabi/14.2 rel1/bin/../lib/gcc/arm-none-eabi/14.2.1/thumb/v7e-m+fp/hard\libc_nano.a(libc_a-snprintf.o)
                0x08004c90                sniprintf
                0x08004c90                snprintf
 .text.__sread  0x08004cfc       0x22 C:/Program Files (x86)/Arm GNU Toolchain arm-none-eabi/14.2 rel1/bin/../lib/gcc/arm-none-eabi/14.2.1/thumb/v7e-m+fp/hard\libc_nano.a(libc_a-stdio.o)
                0x08004cfc                __sread
 .text.__swrite
                0x08004d1e       0x38 C:/Program Files (x86)/Arm GNU Toolchain arm-none-eabi/14.2 rel1/bin/../lib/gcc/arm-none-eabi/14.2.1/thumb/v7e-m+fp/hard\libc_nano.a(libc_a-stdio.o)
                0x08004d1e                __swrite
 .text.__sseek  0x08004d56       0x26 C:/Program Files (x86)/Arm GNU Toolchain arm-none-eabi/14.2 rel1/bin/../lib/gcc/arm-none-eabi/14.2.1/thumb/v7e-m+fp/hard\libc_nano.a(libc_a-stdio.o)
                0x08004d56                __sseek
 .text.__sclose
                0x08004d7c        0x8 C:/Program Files (x86)/Arm GNU Toolchain arm-none-eabi/14.2 rel1/bin/../lib/gcc/arm-none-eabi/14.2.1/thumb/v7e-m+fp/hard\libc_nano.a(libc_a-stdio.o)
                0x08004d7c                __sclose
 .text.memset   0x08004d84       0x10 C:/Program Files (x86)/Arm GNU Toolchain arm-none-eabi/14.2 rel1/bin/../lib/gcc/arm-none-eabi/14.2.1/thumb/v7e-m+fp/hard\libc_nano.a(libc_a-memset.o)
                0x08004d84                memset
 .text._localeconv_r
                0x08004d94        0x8 C:/Program Files (x86)/Arm GNU Toolchain arm-none-eabi/14.2 rel1/bin/../lib/gcc/arm-none-eabi/14.2.1/thumb/v7e-m+fp/hard\libc_nano.a(libc_a-localeconv.o)
                0x08004d94                _localeconv_r
 .text._close_r
                0x08004d9c       0x20 C:/Program Files (x86)/Arm GNU Toolchain arm-none-eabi/14.2 rel1/bin/../lib/gcc/arm-none-eabi/14.2.1/thumb/v7e-m+fp/hard\libc_nano.a(libc_a-closer.o)
                0x08004d9c                _close_r
 .text._lseek_r
                0x08004dbc       0x24 C:/Program Files (x86)/Arm GNU Toolchain arm-none-eabi/14.2 rel1/bin/../lib/gcc/arm-none-eabi/14.2.1/thumb/v7e-m+fp/hard\libc_nano.a(libc_a-lseekr.o)
                0x08004dbc                _lseek_r
 .text._read_r  0x08004de0       0x24 C:/Program Files (x86)/Arm GNU Toolchain arm-none-eabi/14.2 rel1/bin/../lib/gcc/arm-none-eabi/14.2.1/thumb/v7e-m+fp/hard\libc_nano.a(libc_a-readr.o)
                0x08004de0                _read_r
 .text._write_r
                0x08004e04       0x24 C:/Program Files (x86)/Arm GNU Toolchain arm-none-eabi/14.2 rel1/bin/../lib/gcc/arm-none-eabi/14.2.1/thumb/v7e-m+fp/hard\libc_nano.a(libc_a-writer.o)
                0x08004e04                _write_r
 .text.__libc_init_array
                0x08004e28       0x48 C:/Program Files (x86)/Arm GNU Toolchain arm-none-eabi/14.2 rel1/bin/../lib/gcc/arm-none-eabi/14.2.1/thumb/v7e-m+fp/hard\libc_nano.a(libc_a-init.o)
                0x08004e28                __libc_init_array
 .text.__retarget_lock_init_recursive
                0x08004e70        0x2 C:/Program Files (x86)/Arm GNU Toolchain arm-none-eabi/14.2 rel1/bin/../lib/gcc/arm-none-eabi/14.2.1/thumb/v7e-m+fp/hard\libc_nano.a(libc_a-lock.o)
                0x08004e70                __retarget_lock_init_recursive
 .text.__retarget_lock_acquire_recursive
                0x08004e72        0x2 C:/Program Files (x86)/Arm GNU Toolchain arm-none-eabi/14.2 rel1/bin/../lib/gcc/arm-none-eabi/14.2.1/thumb/v7e-m+fp/hard\libc_nano.a(libc_a-lock.o)
                0x08004e72                __retarget_lock_acquire_recursive
 .text.__retarget_lock_release_recursive
                0x08004e74        0x2 C:/Program Files (x86)/Arm GNU Toolchain arm-none-eabi/14.2 rel1/bin/../lib/gcc/arm-none-eabi/14.2.1/thumb/v7e-m+fp/hard\libc_nano.a(libc_a-lock.o)
                0x08004e74                __retarget_lock_release_recursive
 .text.quorem   0x08004e76      0x110 C:/Program Files (x86)/Arm GNU Toolchain arm-none-eabi/14.2 rel1/bin/../lib/gcc/arm-none-eabi/14.2.1/thumb/v7e-m+fp/hard\libc_nano.a(libc_a-dtoa.o)
 *fill*         0x08004f86        0x2 
 .text._dtoa_r  0x08004f88      0xbc0 C:/Program Files (x86)/Arm GNU Toolchain arm-none-eabi/14.2 rel1/bin/../lib/gcc/arm-none-eabi/14.2.1/thumb/v7e-m+fp/hard\libc_nano.a(libc_a-dtoa.o)
                0x08004f88                _dtoa_r
 .text._free_r  0x08005b48       0x94 C:/Program Files (x86)/Arm GNU Toolchain arm-none-eabi/14.2 rel1/bin/../lib/gcc/arm-none-eabi/14.2.1/thumb/v7e-m+fp/hard\libc_nano.a(libc_a-freer.o)
                0x08005b48                _free_r
 .text.malloc   0x08005bdc       0x10 C:/Program Files (x86)/Arm GNU Toolchain arm-none-eabi/14.2 rel1/bin/../lib/gcc/arm-none-eabi/14.2.1/thumb/v7e-m+fp/hard\libc_nano.a(libc_a-malloc.o)
                0x08005bdc                malloc
 .text.sbrk_aligned
                0x08005bec       0x44 C:/Program Files (x86)/Arm GNU Toolchain arm-none-eabi/14.2 rel1/bin/../lib/gcc/arm-none-eabi/14.2.1/thumb/v7e-m+fp/hard\libc_nano.a(libc_a-mallocr.o)
 .text._malloc_r
                0x08005c30      0x100 C:/Program Files (x86)/Arm GNU Toolchain arm-none-eabi/14.2 rel1/bin/../lib/gcc/arm-none-eabi/14.2.1/thumb/v7e-m+fp/hard\libc_nano.a(libc_a-mallocr.o)
                0x08005c30                _malloc_r
 .text.__malloc_lock
                0x08005d30        0xc C:/Program Files (x86)/Arm GNU Toolchain arm-none-eabi/14.2 rel1/bin/../lib/gcc/arm-none-eabi/14.2.1/thumb/v7e-m+fp/hard\libc_nano.a(libc_a-mlock.o)
                0x08005d30                __malloc_lock
 .text.__malloc_unlock
                0x08005d3c        0xc C:/Program Files (x86)/Arm GNU Toolchain arm-none-eabi/14.2 rel1/bin/../lib/gcc/arm-none-eabi/14.2.1/thumb/v7e-m+fp/hard\libc_nano.a(libc_a-mlock.o)
                0x08005d3c                __malloc_unlock
 .text._Balloc  0x08005d48       0x7c C:/Program Files (x86)/Arm GNU Toolchain arm-none-eabi/14.2 rel1/bin/../lib/gcc/arm-none-eabi/14.2.1/thumb/v7e-m+fp/hard\libc_nano.a(libc_a-mprec.o)
                0x08005d48                _Balloc
 .text._Bfree   0x08005dc4       0x44 C:/Program Files (x86)/Arm GNU Toolchain arm-none-eabi/14.2 rel1/bin/../lib/gcc/arm-none-eabi/14.2.1/thumb/v7e-m+fp/hard\libc_nano.a(libc_a-mprec.o)
                0x08005dc4                _Bfree
 .text.__multadd
                0x08005e08       0x8c C:/Program Files (x86)/Arm GNU Toolchain arm-none-eabi/14.2 rel1/bin/../lib/gcc/arm-none-eabi/14.2.1/thumb/v7e-m+fp/hard\libc_nano.a(libc_a-mprec.o)
                0x08005e08                __multadd
 .text.__hi0bits
                0x08005e94       0x3e C:/Program Files (x86)/Arm GNU Toolchain arm-none-eabi/14.2 rel1/bin/../lib/gcc/arm-none-eabi/14.2.1/thumb/v7e-m+fp/hard\libc_nano.a(libc_a-mprec.o)
                0x08005e94                __hi0bits
 .text.__lo0bits
                0x08005ed2       0x5a C:/Program Files (x86)/Arm GNU Toolchain arm-none-eabi/14.2 rel1/bin/../lib/gcc/arm-none-eabi/14.2.1/thumb/v7e-m+fp/hard\libc_nano.a(libc_a-mprec.o)
                0x08005ed2                __lo0bits
 .text.__i2b    0x08005f2c       0x2c C:/Program Files (x86)/Arm GNU Toolchain arm-none-eabi/14.2 rel1/bin/../lib/gcc/arm-none-eabi/14.2.1/thumb/v7e-m+fp/hard\libc_nano.a(libc_a-mprec.o)
                0x08005f2c                __i2b
 .text.__multiply
                0x08005f58      0x154 C:/Program Files (x86)/Arm GNU Toolchain arm-none-eabi/14.2 rel1/bin/../lib/gcc/arm-none-eabi/14.2.1/thumb/v7e-m+fp/hard\libc_nano.a(libc_a-mprec.o)
                0x08005f58                __multiply
 .text.__pow5mult
                0x080060ac       0xb8 C:/Program Files (x86)/Arm GNU Toolchain arm-none-eabi/14.2 rel1/bin/../lib/gcc/arm-none-eabi/14.2.1/thumb/v7e-m+fp/hard\libc_nano.a(libc_a-mprec.o)
                0x080060ac                __pow5mult
 .text.__lshift
                0x08006164       0xdc C:/Program Files (x86)/Arm GNU Toolchain arm-none-eabi/14.2 rel1/bin/../lib/gcc/arm-none-eabi/14.2.1/thumb/v7e-m+fp/hard\libc_nano.a(libc_a-mprec.o)
                0x08006164                __lshift
 .text.__mcmp   0x08006240       0x36 C:/Program Files (x86)/Arm GNU Toolchain arm-none-eabi/14.2 rel1/bin/../lib/gcc/arm-none-eabi/14.2.1/thumb/v7e-m+fp/hard\libc_nano.a(libc_a-mprec.o)
                0x08006240                __mcmp
 *fill*         0x08006276        0x2 
 .text.__mdiff  0x08006278      0x130 C:/Program Files (x86)/Arm GNU Toolchain arm-none-eabi/14.2 rel1/bin/../lib/gcc/arm-none-eabi/14.2.1/thumb/v7e-m+fp/hard\libc_nano.a(libc_a-mprec.o)
                0x08006278                __mdiff
 .text.__d2b    0x080063a8       0xb0 C:/Program Files (x86)/Arm GNU Toolchain arm-none-eabi/14.2 rel1/bin/../lib/gcc/arm-none-eabi/14.2.1/thumb/v7e-m+fp/hard\libc_nano.a(libc_a-mprec.o)
                0x080063a8                __d2b
 .text.__ssputs_r
                0x08006458       0xc0 C:/Program Files (x86)/Arm GNU Toolchain arm-none-eabi/14.2 rel1/bin/../lib/gcc/arm-none-eabi/14.2.1/thumb/v7e-m+fp/hard\libc_nano.a(libc_a-nano-svfprintf.o)
                0x08006458                __ssputs_r
 .text._svfprintf_r
                0x08006518      0x1f8 C:/Program Files (x86)/Arm GNU Toolchain arm-none-eabi/14.2 rel1/bin/../lib/gcc/arm-none-eabi/14.2.1/thumb/v7e-m+fp/hard\libc_nano.a(libc_a-nano-svfprintf.o)
                0x08006518                _svfiprintf_r
                0x08006518                _svfprintf_r
 .text.__sflush_r
                0x08006710      0x104 C:/Program Files (x86)/Arm GNU Toolchain arm-none-eabi/14.2 rel1/bin/../lib/gcc/arm-none-eabi/14.2.1/thumb/v7e-m+fp/hard\libc_nano.a(libc_a-fflush.o)
                0x08006710                __sflush_r
 .text._fflush_r
                0x08006814       0x50 C:/Program Files (x86)/Arm GNU Toolchain arm-none-eabi/14.2 rel1/bin/../lib/gcc/arm-none-eabi/14.2.1/thumb/v7e-m+fp/hard\libc_nano.a(libc_a-fflush.o)
                0x08006814                _fflush_r
 .text.memmove  0x08006864       0x32 C:/Program Files (x86)/Arm GNU Toolchain arm-none-eabi/14.2 rel1/bin/../lib/gcc/arm-none-eabi/14.2.1/thumb/v7e-m+fp/hard\libc_nano.a(libc_a-memmove.o)
                0x08006864                memmove
 *fill*         0x08006896        0x2 
 .text._sbrk_r  0x08006898       0x20 C:/Program Files (x86)/Arm GNU Toolchain arm-none-eabi/14.2 rel1/bin/../lib/gcc/arm-none-eabi/14.2.1/thumb/v7e-m+fp/hard\libc_nano.a(libc_a-sbrkr.o)
                0x08006898                _sbrk_r
 .text.memcpy   0x080068b8       0x1c C:/Program Files (x86)/Arm GNU Toolchain arm-none-eabi/14.2 rel1/bin/../lib/gcc/arm-none-eabi/14.2.1/thumb/v7e-m+fp/hard\libc_nano.a(libc_a-memcpy-stub.o)
                0x080068b8                memcpy
 .text.__assert_func
                0x080068d4       0x3c C:/Program Files (x86)/Arm GNU Toolchain arm-none-eabi/14.2 rel1/bin/../lib/gcc/arm-none-eabi/14.2.1/thumb/v7e-m+fp/hard\libc_nano.a(libc_a-assert.o)
                0x080068d4                __assert_func
 .text._calloc_r
                0x08006910       0x28 C:/Program Files (x86)/Arm GNU Toolchain arm-none-eabi/14.2 rel1/bin/../lib/gcc/arm-none-eabi/14.2.1/thumb/v7e-m+fp/hard\libc_nano.a(libc_a-callocr.o)
                0x08006910                _calloc_r
 .text.__ascii_mbtowc
                0x08006938       0x24 C:/Program Files (x86)/Arm GNU Toolchain arm-none-eabi/14.2 rel1/bin/../lib/gcc/arm-none-eabi/14.2.1/thumb/v7e-m+fp/hard\libc_nano.a(libc_a-mbtowc_r.o)
                0x08006938                __ascii_mbtowc
 .text._realloc_r
                0x0800695c       0x5c C:/Program Files (x86)/Arm GNU Toolchain arm-none-eabi/14.2 rel1/bin/../lib/gcc/arm-none-eabi/14.2.1/thumb/v7e-m+fp/hard\libc_nano.a(libc_a-reallocr.o)
                0x0800695c                _realloc_r
 .text.__ascii_wctomb
                0x080069b8       0x1a C:/Program Files (x86)/Arm GNU Toolchain arm-none-eabi/14.2 rel1/bin/../lib/gcc/arm-none-eabi/14.2.1/thumb/v7e-m+fp/hard\libc_nano.a(libc_a-wctomb_r.o)
                0x080069b8                __ascii_wctomb
 *fill*         0x080069d2        0x2 
 .text.fprintf  0x080069d4       0x24 C:/Program Files (x86)/Arm GNU Toolchain arm-none-eabi/14.2 rel1/bin/../lib/gcc/arm-none-eabi/14.2.1/thumb/v7e-m+fp/hard\libc_nano.a(libc_a-fprintf.o)
                0x080069d4                fiprintf
                0x080069d4                fprintf
 .text.abort    0x080069f8        0xe C:/Program Files (x86)/Arm GNU Toolchain arm-none-eabi/14.2 rel1/bin/../lib/gcc/arm-none-eabi/14.2.1/thumb/v7e-m+fp/hard\libc_nano.a(libc_a-abort.o)
                0x080069f8                abort
 .text._malloc_usable_size_r
                0x08006a06       0x10 C:/Program Files (x86)/Arm GNU Toolchain arm-none-eabi/14.2 rel1/bin/../lib/gcc/arm-none-eabi/14.2.1/thumb/v7e-m+fp/hard\libc_nano.a(libc_a-msizer.o)
                0x08006a06                _malloc_usable_size_r
 .text.__sfputc_r
                0x08006a16       0x2e C:/Program Files (x86)/Arm GNU Toolchain arm-none-eabi/14.2 rel1/bin/../lib/gcc/arm-none-eabi/14.2.1/thumb/v7e-m+fp/hard\libc_nano.a(libc_a-nano-vfprintf.o)
 .text.__sfputs_r
                0x08006a44       0x24 C:/Program Files (x86)/Arm GNU Toolchain arm-none-eabi/14.2 rel1/bin/../lib/gcc/arm-none-eabi/14.2.1/thumb/v7e-m+fp/hard\libc_nano.a(libc_a-nano-vfprintf.o)
                0x08006a44                __sfputs_r
 .text._vfprintf_r
                0x08006a68      0x230 C:/Program Files (x86)/Arm GNU Toolchain arm-none-eabi/14.2 rel1/bin/../lib/gcc/arm-none-eabi/14.2.1/thumb/v7e-m+fp/hard\libc_nano.a(libc_a-nano-vfprintf.o)
                0x08006a68                _vfprintf_r
                0x08006a68                _vfiprintf_r
 .text.__swbuf_r
                0x08006c98       0x7c C:/Program Files (x86)/Arm GNU Toolchain arm-none-eabi/14.2 rel1/bin/../lib/gcc/arm-none-eabi/14.2.1/thumb/v7e-m+fp/hard\libc_nano.a(libc_a-wbuf.o)
                0x08006c98                __swbuf_r
 .text.__swsetup_r
                0x08006d14       0xa8 C:/Program Files (x86)/Arm GNU Toolchain arm-none-eabi/14.2 rel1/bin/../lib/gcc/arm-none-eabi/14.2.1/thumb/v7e-m+fp/hard\libc_nano.a(libc_a-wsetup.o)
                0x08006d14                __swsetup_r
 .text._raise_r
                0x08006dbc       0x50 C:/Program Files (x86)/Arm GNU Toolchain arm-none-eabi/14.2 rel1/bin/../lib/gcc/arm-none-eabi/14.2.1/thumb/v7e-m+fp/hard\libc_nano.a(libc_a-signal.o)
                0x08006dbc                _raise_r
 .text.raise    0x08006e0c       0x10 C:/Program Files (x86)/Arm GNU Toolchain arm-none-eabi/14.2 rel1/bin/../lib/gcc/arm-none-eabi/14.2.1/thumb/v7e-m+fp/hard\libc_nano.a(libc_a-signal.o)
                0x08006e0c                raise
 .text._kill_r  0x08006e1c       0x24 C:/Program Files (x86)/Arm GNU Toolchain arm-none-eabi/14.2 rel1/bin/../lib/gcc/arm-none-eabi/14.2.1/thumb/v7e-m+fp/hard\libc_nano.a(libc_a-signalr.o)
                0x08006e1c                _kill_r
 .text._getpid_r
                0x08006e40        0x4 C:/Program Files (x86)/Arm GNU Toolchain arm-none-eabi/14.2 rel1/bin/../lib/gcc/arm-none-eabi/14.2.1/thumb/v7e-m+fp/hard\libc_nano.a(libc_a-signalr.o)
                0x08006e40                _getpid_r
 .text.__swhatbuf_r
                0x08006e44       0x48 C:/Program Files (x86)/Arm GNU Toolchain arm-none-eabi/14.2 rel1/bin/../lib/gcc/arm-none-eabi/14.2.1/thumb/v7e-m+fp/hard\libc_nano.a(libc_a-makebuf.o)
                0x08006e44                __swhatbuf_r
 .text.__smakebuf_r
                0x08006e8c       0x72 C:/Program Files (x86)/Arm GNU Toolchain arm-none-eabi/14.2 rel1/bin/../lib/gcc/arm-none-eabi/14.2.1/thumb/v7e-m+fp/hard\libc_nano.a(libc_a-makebuf.o)
                0x08006e8c                __smakebuf_r
 *fill*         0x08006efe        0x2 
 .text._fstat_r
                0x08006f00       0x24 C:/Program Files (x86)/Arm GNU Toolchain arm-none-eabi/14.2 rel1/bin/../lib/gcc/arm-none-eabi/14.2.1/thumb/v7e-m+fp/hard\libc_nano.a(libc_a-fstatr.o)
                0x08006f00                _fstat_r
 .text._isatty_r
                0x08006f24       0x20 C:/Program Files (x86)/Arm GNU Toolchain arm-none-eabi/14.2 rel1/bin/../lib/gcc/arm-none-eabi/14.2.1/thumb/v7e-m+fp/hard\libc_nano.a(libc_a-isattyr.o)
                0x08006f24                _isatty_r
 .text._close   0x08006f44       0x10 C:/Program Files (x86)/Arm GNU Toolchain arm-none-eabi/14.2 rel1/bin/../lib/gcc/arm-none-eabi/14.2.1/thumb/v7e-m+fp/hard\libnosys.a(close.o)
                0x08006f44                _close
 .text._fstat   0x08006f54       0x10 C:/Program Files (x86)/Arm GNU Toolchain arm-none-eabi/14.2 rel1/bin/../lib/gcc/arm-none-eabi/14.2.1/thumb/v7e-m+fp/hard\libnosys.a(fstat.o)
                0x08006f54                _fstat
 .text._getpid  0x08006f64       0x10 C:/Program Files (x86)/Arm GNU Toolchain arm-none-eabi/14.2 rel1/bin/../lib/gcc/arm-none-eabi/14.2.1/thumb/v7e-m+fp/hard\libnosys.a(getpid.o)
                0x08006f64                _getpid
 .text._isatty  0x08006f74       0x10 C:/Program Files (x86)/Arm GNU Toolchain arm-none-eabi/14.2 rel1/bin/../lib/gcc/arm-none-eabi/14.2.1/thumb/v7e-m+fp/hard\libnosys.a(isatty.o)
                0x08006f74                _isatty
 .text._kill    0x08006f84       0x10 C:/Program Files (x86)/Arm GNU Toolchain arm-none-eabi/14.2 rel1/bin/../lib/gcc/arm-none-eabi/14.2.1/thumb/v7e-m+fp/hard\libnosys.a(kill.o)
                0x08006f84                _kill
 .text._lseek   0x08006f94       0x10 C:/Program Files (x86)/Arm GNU Toolchain arm-none-eabi/14.2 rel1/bin/../lib/gcc/arm-none-eabi/14.2.1/thumb/v7e-m+fp/hard\libnosys.a(lseek.o)
                0x08006f94                _lseek
 .text._read    0x08006fa4       0x10 C:/Program Files (x86)/Arm GNU Toolchain arm-none-eabi/14.2 rel1/bin/../lib/gcc/arm-none-eabi/14.2.1/thumb/v7e-m+fp/hard\libnosys.a(read.o)
                0x08006fa4                _read
 .text._sbrk    0x08006fb4       0x1c C:/Program Files (x86)/Arm GNU Toolchain arm-none-eabi/14.2 rel1/bin/../lib/gcc/arm-none-eabi/14.2.1/thumb/v7e-m+fp/hard\libnosys.a(sbrk.o)
                0x08006fb4                _sbrk
 .text._write   0x08006fd0       0x10 C:/Program Files (x86)/Arm GNU Toolchain arm-none-eabi/14.2 rel1/bin/../lib/gcc/arm-none-eabi/14.2.1/thumb/v7e-m+fp/hard\libnosys.a(write.o)
                0x08006fd0                _write
 .text._exit    0x08006fe0        0x4 C:/Program Files (x86)/Arm GNU Toolchain arm-none-eabi/14.2 rel1/bin/../lib/gcc/arm-none-eabi/14.2.1/thumb/v7e-m+fp/hard\libnosys.a(_exit.o)
                0x08006fe0                _exit
 .text.__udivmoddi4
                0x08006fe4      0x2f8 C:/Program Files (x86)/Arm GNU Toolchain arm-none-eabi/14.2 rel1/bin/../lib/gcc/arm-none-eabi/14.2.1/thumb/v7e-m+fp/hard\libgcc.a(_udivmoddi4.o)
                0x08006fe4                __udivmoddi4
 *(.glue_7)
 .glue_7        0x080072dc        0x0 linker stubs
 *(.glue_7t)
 .glue_7t       0x080072dc        0x0 linker stubs
 *(.eh_frame)
 .eh_frame      0x080072dc        0x0 C:/Program Files (x86)/Arm GNU Toolchain arm-none-eabi/14.2 rel1/bin/../lib/gcc/arm-none-eabi/14.2.1/thumb/v7e-m+fp/hard/crtbegin.o
 *(.init)
 .init          0x080072dc        0x4 C:/Program Files (x86)/Arm GNU Toolchain arm-none-eabi/14.2 rel1/bin/../lib/gcc/arm-none-eabi/14.2.1/thumb/v7e-m+fp/hard/crti.o
                0x080072dc                _init
 .init          0x080072e0        0x8 C:/Program Files (x86)/Arm GNU Toolchain arm-none-eabi/14.2 rel1/bin/../lib/gcc/arm-none-eabi/14.2.1/thumb/v7e-m+fp/hard/crtn.o
 *(.fini)
 .fini          0x080072e8        0x4 C:/Program Files (x86)/Arm GNU Toolchain arm-none-eabi/14.2 rel1/bin/../lib/gcc/arm-none-eabi/14.2.1/thumb/v7e-m+fp/hard/crti.o
                0x080072e8                _fini
 .fini          0x080072ec        0x8 C:/Program Files (x86)/Arm GNU Toolchain arm-none-eabi/14.2 rel1/bin/../lib/gcc/arm-none-eabi/14.2.1/thumb/v7e-m+fp/hard/crtn.o
                0x080072f8                        . = ALIGN (0x8)
 *fill*         0x080072f4        0x4 
                0x080072f8                        _etext = .

.vfp11_veneer   0x080072f8        0x0
 .vfp11_veneer  0x080072f8        0x0 linker stubs

.v4_bx          0x080072f8        0x0
 .v4_bx         0x080072f8        0x0 linker stubs

.iplt           0x080072f8        0x0
 .iplt          0x080072f8        0x0 C:/Program Files (x86)/Arm GNU Toolchain arm-none-eabi/14.2 rel1/bin/../lib/gcc/arm-none-eabi/14.2.1/thumb/v7e-m+fp/hard/crtbegin.o

.rodata         0x080072f8      0x620
                0x080072f8                        . = ALIGN (0x8)
 *(.rodata)
 *(.rodata*)
 .rodata.App_PrintSeparator.str1.4
                0x080072f8      0x259 build/main.o
                                 0x2b (size before relaxing)
 .rodata.App_MeasureAndTransmit.str1.4
                0x08007551       0xbb build/main.o
 .rodata.App_Init.str1.4
                0x08007551      0x155 build/main.o
 *fill*         0x08007551        0x3 
 .rodata.MSIRangeTable
                0x08007554       0x30 build/system_stm32l4xx.o
                0x08007554                MSIRangeTable
 .rodata.APBPrescTable
                0x08007584        0x8 build/system_stm32l4xx.o
                0x08007584                APBPrescTable
 .rodata.AHBPrescTable
                0x0800758c       0x10 build/system_stm32l4xx.o
                0x0800758c                AHBPrescTable
 .rodata.MCP3208_ReadRaw.str1.4
                0x0800759c       0x19 build/mcp3208.o
 .rodata._printf_float.str1.1
                0x0800759c      0x173 C:/Program Files (x86)/Arm GNU Toolchain arm-none-eabi/14.2 rel1/bin/../lib/gcc/arm-none-eabi/14.2.1/thumb/v7e-m+fp/hard\libc_nano.a(libc_a-nano-vfprintf_float.o)
                                 0x12 (size before relaxing)
 .rodata._printf_i.str1.1
                0x0800770f       0x22 C:/Program Files (x86)/Arm GNU Toolchain arm-none-eabi/14.2 rel1/bin/../lib/gcc/arm-none-eabi/14.2.1/thumb/v7e-m+fp/hard\libc_nano.a(libc_a-nano-vfprintf_i.o)
 .rodata._dtoa_r.str1.1
                0x0800770f       0x90 C:/Program Files (x86)/Arm GNU Toolchain arm-none-eabi/14.2 rel1/bin/../lib/gcc/arm-none-eabi/14.2.1/thumb/v7e-m+fp/hard\libc_nano.a(libc_a-dtoa.o)
 .rodata._Balloc.str1.1
                0x0800770f       0x71 C:/Program Files (x86)/Arm GNU Toolchain arm-none-eabi/14.2 rel1/bin/../lib/gcc/arm-none-eabi/14.2.1/thumb/v7e-m+fp/hard\libc_nano.a(libc_a-mprec.o)
 .rodata.__multadd.str1.1
                0x0800770f       0x11 C:/Program Files (x86)/Arm GNU Toolchain arm-none-eabi/14.2 rel1/bin/../lib/gcc/arm-none-eabi/14.2.1/thumb/v7e-m+fp/hard\libc_nano.a(libc_a-mprec.o)
 *fill*         0x0800770f        0x1 
 .rodata.p05.0  0x08007710        0xc C:/Program Files (x86)/Arm GNU Toolchain arm-none-eabi/14.2 rel1/bin/../lib/gcc/arm-none-eabi/14.2.1/thumb/v7e-m+fp/hard\libc_nano.a(libc_a-mprec.o)
 *fill*         0x0800771c        0x4 
 .rodata.__mprec_bigtens
                0x08007720       0x28 C:/Program Files (x86)/Arm GNU Toolchain arm-none-eabi/14.2 rel1/bin/../lib/gcc/arm-none-eabi/14.2.1/thumb/v7e-m+fp/hard\libc_nano.a(libc_a-mprec.o)
                0x08007720                __mprec_bigtens
 .rodata.__mprec_tens
                0x08007748       0xc8 C:/Program Files (x86)/Arm GNU Toolchain arm-none-eabi/14.2 rel1/bin/../lib/gcc/arm-none-eabi/14.2.1/thumb/v7e-m+fp/hard\libc_nano.a(libc_a-mprec.o)
                0x08007748                __mprec_tens
 .rodata._svfprintf_r.str1.1
                0x08007810       0x11 C:/Program Files (x86)/Arm GNU Toolchain arm-none-eabi/14.2 rel1/bin/../lib/gcc/arm-none-eabi/14.2.1/thumb/v7e-m+fp/hard\libc_nano.a(libc_a-nano-svfprintf.o)
 .rodata._setlocale_r.str1.1
                0x08007810        0x9 C:/Program Files (x86)/Arm GNU Toolchain arm-none-eabi/14.2 rel1/bin/../lib/gcc/arm-none-eabi/14.2.1/thumb/v7e-m+fp/hard\libc_nano.a(libc_a-locale.o)
 .rodata.str1.1
                0x08007810        0x2 C:/Program Files (x86)/Arm GNU Toolchain arm-none-eabi/14.2 rel1/bin/../lib/gcc/arm-none-eabi/14.2.1/thumb/v7e-m+fp/hard\libc_nano.a(libc_a-locale.o)
 .rodata.__assert_func.str1.1
                0x08007810       0x3d C:/Program Files (x86)/Arm GNU Toolchain arm-none-eabi/14.2 rel1/bin/../lib/gcc/arm-none-eabi/14.2.1/thumb/v7e-m+fp/hard\libc_nano.a(libc_a-assert.o)
 .rodata._ctype_
                0x08007810      0x101 C:/Program Files (x86)/Arm GNU Toolchain arm-none-eabi/14.2 rel1/bin/../lib/gcc/arm-none-eabi/14.2.1/thumb/v7e-m+fp/hard\libc_nano.a(libc_a-ctype_.o)
                0x08007810                _ctype_
 .rodata._vfprintf_r.str1.1
                0x08007911       0x11 C:/Program Files (x86)/Arm GNU Toolchain arm-none-eabi/14.2 rel1/bin/../lib/gcc/arm-none-eabi/14.2.1/thumb/v7e-m+fp/hard\libc_nano.a(libc_a-nano-vfprintf.o)
                0x08007928                        . = ALIGN (0x8)
 *fill*         0x08007911        0x7 

.ARM.extab      0x08007918        0x0
                0x08007918                        . = ALIGN (0x8)
 *(.ARM.extab* .gnu.linkonce.armextab.*)
                0x08007918                        . = ALIGN (0x8)

.ARM            0x08007918        0x8
                0x08007918                        . = ALIGN (0x8)
                0x08007918                        __exidx_start = .
 *(.ARM.exidx*)
 .ARM.exidx     0x08007918        0x8 C:/Program Files (x86)/Arm GNU Toolchain arm-none-eabi/14.2 rel1/bin/../lib/gcc/arm-none-eabi/14.2.1/thumb/v7e-m+fp/hard\libc_nano.a(libc_a-memchr.o)
 .ARM.exidx     0x08007920        0x0 C:/Program Files (x86)/Arm GNU Toolchain arm-none-eabi/14.2 rel1/bin/../lib/gcc/arm-none-eabi/14.2.1/thumb/v7e-m+fp/hard\libc_nano.a(libc_a-strlen.o)
                                  0x8 (size before relaxing)
 .ARM.exidx.text.__udivmoddi4
                0x08007920        0x0 C:/Program Files (x86)/Arm GNU Toolchain arm-none-eabi/14.2 rel1/bin/../lib/gcc/arm-none-eabi/14.2.1/thumb/v7e-m+fp/hard\libgcc.a(_udivmoddi4.o)
                                  0x8 (size before relaxing)
                0x08007920                        __exidx_end = .
                0x08007920                        . = ALIGN (0x8)

.rel.dyn        0x08007920        0x0
 .rel.iplt      0x08007920        0x0 C:/Program Files (x86)/Arm GNU Toolchain arm-none-eabi/14.2 rel1/bin/../lib/gcc/arm-none-eabi/14.2.1/thumb/v7e-m+fp/hard/crtbegin.o

.preinit_array  0x08007920        0x0
                0x08007920                        . = ALIGN (0x8)
                0x08007920                        PROVIDE (__preinit_array_start = .)
 *(.preinit_array*)
                0x08007920                        PROVIDE (__preinit_array_end = .)
                0x08007920                        . = ALIGN (0x8)

.init_array     0x08007920        0x8
                0x08007920                        . = ALIGN (0x8)
                0x08007920                        PROVIDE (__init_array_start = .)
 *(SORT_BY_NAME(.init_array.*))
 *(.init_array*)
 .init_array    0x08007920        0x4 C:/Program Files (x86)/Arm GNU Toolchain arm-none-eabi/14.2 rel1/bin/../lib/gcc/arm-none-eabi/14.2.1/thumb/v7e-m+fp/hard/crtbegin.o
                0x08007924                        PROVIDE (__init_array_end = .)
                0x08007928                        . = ALIGN (0x8)
 *fill*         0x08007924        0x4 

.fini_array     0x08007928        0x8
                0x08007928                        . = ALIGN (0x8)
                [!provide]                        PROVIDE (__fini_array_start = .)
 *(SORT_BY_NAME(.fini_array.*))
 *(.fini_array*)
 .fini_array    0x08007928        0x4 C:/Program Files (x86)/Arm GNU Toolchain arm-none-eabi/14.2 rel1/bin/../lib/gcc/arm-none-eabi/14.2.1/thumb/v7e-m+fp/hard/crtbegin.o
                [!provide]                        PROVIDE (__fini_array_end = .)
                0x08007930                        . = ALIGN (0x8)
 *fill*         0x0800792c        0x4 
                0x08007930                        _sidata = LOADADDR (.data)

.data           0x20000000      0x1d8 load address 0x08007930
                0x20000000                        . = ALIGN (0x8)
                0x20000000                        _sdata = .
 *(.data)
 *(.data*)
 .data.uwTickFreq
                0x20000000        0x1 build/stm32l4xx_hal.o
                0x20000000                uwTickFreq
 *fill*         0x20000001        0x3 
 .data.uwTickPrio
                0x20000004        0x4 build/stm32l4xx_hal.o
                0x20000004                uwTickPrio
 .data.SystemCoreClock
                0x20000008        0x4 build/system_stm32l4xx.o
                0x20000008                SystemCoreClock
 .data.__sglue  0x2000000c        0xc C:/Program Files (x86)/Arm GNU Toolchain arm-none-eabi/14.2 rel1/bin/../lib/gcc/arm-none-eabi/14.2.1/thumb/v7e-m+fp/hard\libc_nano.a(libc_a-findfp.o)
                0x2000000c                __sglue
 .data._impure_ptr
                0x20000018        0x4 C:/Program Files (x86)/Arm GNU Toolchain arm-none-eabi/14.2 rel1/bin/../lib/gcc/arm-none-eabi/14.2.1/thumb/v7e-m+fp/hard\libc_nano.a(libc_a-impure.o)
                0x20000018                _impure_ptr
 .data._impure_data
                0x2000001c       0x4c C:/Program Files (x86)/Arm GNU Toolchain arm-none-eabi/14.2 rel1/bin/../lib/gcc/arm-none-eabi/14.2.1/thumb/v7e-m+fp/hard\libc_nano.a(libc_a-impure.o)
                0x2000001c                _impure_data
 .data.__global_locale
                0x20000068      0x16c C:/Program Files (x86)/Arm GNU Toolchain arm-none-eabi/14.2 rel1/bin/../lib/gcc/arm-none-eabi/14.2.1/thumb/v7e-m+fp/hard\libc_nano.a(libc_a-locale.o)
                0x20000068                __global_locale
                0x200001d8                        . = ALIGN (0x8)
 *fill*         0x200001d4        0x4 
                0x200001d8                        _edata = .

.tm_clone_table
                0x200001d8        0x0 load address 0x08007b08
 .tm_clone_table
                0x200001d8        0x0 C:/Program Files (x86)/Arm GNU Toolchain arm-none-eabi/14.2 rel1/bin/../lib/gcc/arm-none-eabi/14.2.1/thumb/v7e-m+fp/hard/crtbegin.o
 .tm_clone_table
                0x200001d8        0x0 C:/Program Files (x86)/Arm GNU Toolchain arm-none-eabi/14.2 rel1/bin/../lib/gcc/arm-none-eabi/14.2.1/thumb/v7e-m+fp/hard/crtend.o

.igot.plt       0x200001d8        0x0 load address 0x08007b08
 .igot.plt      0x200001d8        0x0 C:/Program Files (x86)/Arm GNU Toolchain arm-none-eabi/14.2 rel1/bin/../lib/gcc/arm-none-eabi/14.2.1/thumb/v7e-m+fp/hard/crtbegin.o
                0x200001d8                        . = ALIGN (0x4)

.bss            0x200001d8      0x344 load address 0x08007b08
                0x200001d8                        _sbss = .
                0x200001d8                        __bss_start__ = _sbss
 *(.bss)
 *(.bss*)
 .bss.completed.1
                0x200001d8        0x1 C:/Program Files (x86)/Arm GNU Toolchain arm-none-eabi/14.2 rel1/bin/../lib/gcc/arm-none-eabi/14.2.1/thumb/v7e-m+fp/hard/crtbegin.o
 *fill*         0x200001d9        0x3 
 .bss.object.0  0x200001dc       0x18 C:/Program Files (x86)/Arm GNU Toolchain arm-none-eabi/14.2 rel1/bin/../lib/gcc/arm-none-eabi/14.2.1/thumb/v7e-m+fp/hard/crtbegin.o
 .bss.measure_count
                0x200001f4        0x4 build/main.o
 .bss.uart_buf  0x200001f8       0x80 build/main.o
 .bss.hadc1     0x20000278       0x64 build/adc.o
                0x20000278                hadc1
 .bss.hspi1     0x200002dc       0x64 build/spi.o
                0x200002dc                hspi1
 .bss.huart2    0x20000340       0x88 build/usart.o
                0x20000340                huart2
 .bss.uwTick    0x200003c8        0x4 build/stm32l4xx_hal.o
                0x200003c8                uwTick
 .bss.__sf      0x200003cc      0x138 C:/Program Files (x86)/Arm GNU Toolchain arm-none-eabi/14.2 rel1/bin/../lib/gcc/arm-none-eabi/14.2.1/thumb/v7e-m+fp/hard\libc_nano.a(libc_a-findfp.o)
                0x200003cc                __sf
 .bss.__stdio_exit_handler
                0x20000504        0x4 C:/Program Files (x86)/Arm GNU Toolchain arm-none-eabi/14.2 rel1/bin/../lib/gcc/arm-none-eabi/14.2.1/thumb/v7e-m+fp/hard\libc_nano.a(libc_a-findfp.o)
                0x20000504                __stdio_exit_handler
 .bss.errno     0x20000508        0x4 C:/Program Files (x86)/Arm GNU Toolchain arm-none-eabi/14.2 rel1/bin/../lib/gcc/arm-none-eabi/14.2.1/thumb/v7e-m+fp/hard\libc_nano.a(libc_a-reent.o)
                0x20000508                errno
 .bss.__lock___malloc_recursive_mutex
                0x2000050c        0x1 C:/Program Files (x86)/Arm GNU Toolchain arm-none-eabi/14.2 rel1/bin/../lib/gcc/arm-none-eabi/14.2.1/thumb/v7e-m+fp/hard\libc_nano.a(libc_a-lock.o)
                0x2000050c                __lock___malloc_recursive_mutex
 .bss.__lock___sfp_recursive_mutex
                0x2000050d        0x1 C:/Program Files (x86)/Arm GNU Toolchain arm-none-eabi/14.2 rel1/bin/../lib/gcc/arm-none-eabi/14.2.1/thumb/v7e-m+fp/hard\libc_nano.a(libc_a-lock.o)
                0x2000050d                __lock___sfp_recursive_mutex
 *fill*         0x2000050e        0x2 
 .bss.__malloc_sbrk_start
                0x20000510        0x4 C:/Program Files (x86)/Arm GNU Toolchain arm-none-eabi/14.2 rel1/bin/../lib/gcc/arm-none-eabi/14.2.1/thumb/v7e-m+fp/hard\libc_nano.a(libc_a-mallocr.o)
                0x20000510                __malloc_sbrk_start
 .bss.__malloc_free_list
                0x20000514        0x4 C:/Program Files (x86)/Arm GNU Toolchain arm-none-eabi/14.2 rel1/bin/../lib/gcc/arm-none-eabi/14.2.1/thumb/v7e-m+fp/hard\libc_nano.a(libc_a-mallocr.o)
                0x20000514                __malloc_free_list
 .bss.heap_end.0
                0x20000518        0x4 C:/Program Files (x86)/Arm GNU Toolchain arm-none-eabi/14.2 rel1/bin/../lib/gcc/arm-none-eabi/14.2.1/thumb/v7e-m+fp/hard\libnosys.a(sbrk.o)
 *(COMMON)
                0x2000051c                        . = ALIGN (0x4)
                0x2000051c                        _ebss = .
                0x2000051c                        __bss_end__ = _ebss

._user_heap_stack
                0x2000051c      0x604 load address 0x08007b08
                0x20000520                        . = ALIGN (0x8)
 *fill*         0x2000051c        0x4 
                0x20000520                        PROVIDE (end = .)
                [!provide]                        PROVIDE (_end = .)
                0x20000720                        . = (. + _Min_Heap_Size)
 *fill*         0x20000520      0x200 
                0x20000b20                        . = (. + _Min_Stack_Size)
 *fill*         0x20000720      0x400 
                0x20000b20                        . = ALIGN (0x8)

/DISCARD/
 libc.a(*)
 libm.a(*)
 libgcc.a(*)

.ARM.attributes
                0x00000000       0x30
 *(.ARM.attributes)
 .ARM.attributes
                0x00000000       0x22 C:/Program Files (x86)/Arm GNU Toolchain arm-none-eabi/14.2 rel1/bin/../lib/gcc/arm-none-eabi/14.2.1/thumb/v7e-m+fp/hard/crti.o
 .ARM.attributes
                0x00000022       0x34 C:/Program Files (x86)/Arm GNU Toolchain arm-none-eabi/14.2 rel1/bin/../lib/gcc/arm-none-eabi/14.2.1/thumb/v7e-m+fp/hard/crtbegin.o
 .ARM.attributes
                0x00000056       0x34 build/main.o
 .ARM.attributes
                0x0000008a       0x34 build/gpio.o
 .ARM.attributes
                0x000000be       0x34 build/adc.o
 .ARM.attributes
                0x000000f2       0x34 build/spi.o
 .ARM.attributes
                0x00000126       0x34 build/usart.o
 .ARM.attributes
                0x0000015a       0x34 build/stm32l4xx_it.o
 .ARM.attributes
                0x0000018e       0x34 build/stm32l4xx_hal_msp.o
 .ARM.attributes
                0x000001c2       0x34 build/stm32l4xx_hal_adc.o
 .ARM.attributes
                0x000001f6       0x34 build/stm32l4xx_hal_adc_ex.o
 .ARM.attributes
                0x0000022a       0x34 build/stm32l4xx_hal.o
 .ARM.attributes
                0x0000025e       0x34 build/stm32l4xx_hal_rcc.o
 .ARM.attributes
                0x00000292       0x34 build/stm32l4xx_hal_rcc_ex.o
 .ARM.attributes
                0x000002c6       0x34 build/stm32l4xx_hal_gpio.o
 .ARM.attributes
                0x000002fa       0x34 build/stm32l4xx_hal_pwr_ex.o
 .ARM.attributes
                0x0000032e       0x34 build/stm32l4xx_hal_cortex.o
 .ARM.attributes
                0x00000362       0x34 build/stm32l4xx_hal_spi.o
 .ARM.attributes
                0x00000396       0x34 build/stm32l4xx_hal_uart.o
 .ARM.attributes
                0x000003ca       0x34 build/system_stm32l4xx.o
 .ARM.attributes
                0x000003fe       0x34 build/mcp3208.o
 .ARM.attributes
                0x00000432       0x21 build/startup_stm32l476xx.o
 .ARM.attributes
                0x00000453       0x34 C:/Program Files (x86)/Arm GNU Toolchain arm-none-eabi/14.2 rel1/bin/../lib/gcc/arm-none-eabi/14.2.1/thumb/v7e-m+fp/hard\libc_nano.a(libc_a-nano-vfprintf_float.o)
 .ARM.attributes
                0x00000487       0x34 C:/Program Files (x86)/Arm GNU Toolchain arm-none-eabi/14.2 rel1/bin/../lib/gcc/arm-none-eabi/14.2.1/thumb/v7e-m+fp/hard\libc_nano.a(libc_a-nano-vfprintf_i.o)
 .ARM.attributes
                0x000004bb       0x34 C:/Program Files (x86)/Arm GNU Toolchain arm-none-eabi/14.2 rel1/bin/../lib/gcc/arm-none-eabi/14.2.1/thumb/v7e-m+fp/hard\libc_nano.a(libc_a-findfp.o)
 .ARM.attributes
                0x000004ef       0x34 C:/Program Files (x86)/Arm GNU Toolchain arm-none-eabi/14.2 rel1/bin/../lib/gcc/arm-none-eabi/14.2.1/thumb/v7e-m+fp/hard\libc_nano.a(libc_a-fwalk.o)
 .ARM.attributes
                0x00000523       0x34 C:/Program Files (x86)/Arm GNU Toolchain arm-none-eabi/14.2 rel1/bin/../lib/gcc/arm-none-eabi/14.2.1/thumb/v7e-m+fp/hard\libc_nano.a(libc_a-snprintf.o)
 .ARM.attributes
                0x00000557       0x34 C:/Program Files (x86)/Arm GNU Toolchain arm-none-eabi/14.2 rel1/bin/../lib/gcc/arm-none-eabi/14.2.1/thumb/v7e-m+fp/hard\libc_nano.a(libc_a-stdio.o)
 .ARM.attributes
                0x0000058b       0x34 C:/Program Files (x86)/Arm GNU Toolchain arm-none-eabi/14.2 rel1/bin/../lib/gcc/arm-none-eabi/14.2.1/thumb/v7e-m+fp/hard\libc_nano.a(libc_a-memset.o)
 .ARM.attributes
                0x000005bf       0x34 C:/Program Files (x86)/Arm GNU Toolchain arm-none-eabi/14.2 rel1/bin/../lib/gcc/arm-none-eabi/14.2.1/thumb/v7e-m+fp/hard\libc_nano.a(libc_a-localeconv.o)
 .ARM.attributes
                0x000005f3       0x34 C:/Program Files (x86)/Arm GNU Toolchain arm-none-eabi/14.2 rel1/bin/../lib/gcc/arm-none-eabi/14.2.1/thumb/v7e-m+fp/hard\libc_nano.a(libc_a-closer.o)
 .ARM.attributes
                0x00000627       0x34 C:/Program Files (x86)/Arm GNU Toolchain arm-none-eabi/14.2 rel1/bin/../lib/gcc/arm-none-eabi/14.2.1/thumb/v7e-m+fp/hard\libc_nano.a(libc_a-reent.o)
 .ARM.attributes
                0x0000065b       0x34 C:/Program Files (x86)/Arm GNU Toolchain arm-none-eabi/14.2 rel1/bin/../lib/gcc/arm-none-eabi/14.2.1/thumb/v7e-m+fp/hard\libc_nano.a(libc_a-impure.o)
 .ARM.attributes
                0x0000068f       0x34 C:/Program Files (x86)/Arm GNU Toolchain arm-none-eabi/14.2 rel1/bin/../lib/gcc/arm-none-eabi/14.2.1/thumb/v7e-m+fp/hard\libc_nano.a(libc_a-lseekr.o)
 .ARM.attributes
                0x000006c3       0x34 C:/Program Files (x86)/Arm GNU Toolchain arm-none-eabi/14.2 rel1/bin/../lib/gcc/arm-none-eabi/14.2.1/thumb/v7e-m+fp/hard\libc_nano.a(libc_a-readr.o)
 .ARM.attributes
                0x000006f7       0x34 C:/Program Files (x86)/Arm GNU Toolchain arm-none-eabi/14.2 rel1/bin/../lib/gcc/arm-none-eabi/14.2.1/thumb/v7e-m+fp/hard\libc_nano.a(libc_a-writer.o)
 .ARM.attributes
                0x0000072b       0x34 C:/Program Files (x86)/Arm GNU Toolchain arm-none-eabi/14.2 rel1/bin/../lib/gcc/arm-none-eabi/14.2.1/thumb/v7e-m+fp/hard\libc_nano.a(libc_a-init.o)
 .ARM.attributes
                0x0000075f       0x34 C:/Program Files (x86)/Arm GNU Toolchain arm-none-eabi/14.2 rel1/bin/../lib/gcc/arm-none-eabi/14.2.1/thumb/v7e-m+fp/hard\libc_nano.a(libc_a-lock.o)
 .ARM.attributes
                0x00000793       0x1c C:/Program Files (x86)/Arm GNU Toolchain arm-none-eabi/14.2 rel1/bin/../lib/gcc/arm-none-eabi/14.2.1/thumb/v7e-m+fp/hard\libc_nano.a(libc_a-memchr.o)
 .ARM.attributes
                0x000007af       0x17 C:/Program Files (x86)/Arm GNU Toolchain arm-none-eabi/14.2 rel1/bin/../lib/gcc/arm-none-eabi/14.2.1/thumb/v7e-m+fp/hard\libc_nano.a(libc_a-strlen.o)
 .ARM.attributes
                0x000007c6       0x34 C:/Program Files (x86)/Arm GNU Toolchain arm-none-eabi/14.2 rel1/bin/../lib/gcc/arm-none-eabi/14.2.1/thumb/v7e-m+fp/hard\libc_nano.a(libc_a-dtoa.o)
 .ARM.attributes
                0x000007fa       0x34 C:/Program Files (x86)/Arm GNU Toolchain arm-none-eabi/14.2 rel1/bin/../lib/gcc/arm-none-eabi/14.2.1/thumb/v7e-m+fp/hard\libc_nano.a(libc_a-freer.o)
 .ARM.attributes
                0x0000082e       0x34 C:/Program Files (x86)/Arm GNU Toolchain arm-none-eabi/14.2 rel1/bin/../lib/gcc/arm-none-eabi/14.2.1/thumb/v7e-m+fp/hard\libc_nano.a(libc_a-malloc.o)
 .ARM.attributes
                0x00000862       0x34 C:/Program Files (x86)/Arm GNU Toolchain arm-none-eabi/14.2 rel1/bin/../lib/gcc/arm-none-eabi/14.2.1/thumb/v7e-m+fp/hard\libc_nano.a(libc_a-mallocr.o)
 .ARM.attributes
                0x00000896       0x34 C:/Program Files (x86)/Arm GNU Toolchain arm-none-eabi/14.2 rel1/bin/../lib/gcc/arm-none-eabi/14.2.1/thumb/v7e-m+fp/hard\libc_nano.a(libc_a-mlock.o)
 .ARM.attributes
                0x000008ca       0x34 C:/Program Files (x86)/Arm GNU Toolchain arm-none-eabi/14.2 rel1/bin/../lib/gcc/arm-none-eabi/14.2.1/thumb/v7e-m+fp/hard\libc_nano.a(libc_a-mprec.o)
 .ARM.attributes
                0x000008fe       0x34 C:/Program Files (x86)/Arm GNU Toolchain arm-none-eabi/14.2 rel1/bin/../lib/gcc/arm-none-eabi/14.2.1/thumb/v7e-m+fp/hard\libc_nano.a(libc_a-nano-svfprintf.o)
 .ARM.attributes
                0x00000932       0x34 C:/Program Files (x86)/Arm GNU Toolchain arm-none-eabi/14.2 rel1/bin/../lib/gcc/arm-none-eabi/14.2.1/thumb/v7e-m+fp/hard\libc_nano.a(libc_a-fflush.o)
 .ARM.attributes
                0x00000966       0x34 C:/Program Files (x86)/Arm GNU Toolchain arm-none-eabi/14.2 rel1/bin/../lib/gcc/arm-none-eabi/14.2.1/thumb/v7e-m+fp/hard\libc_nano.a(libc_a-memmove.o)
 .ARM.attributes
                0x0000099a       0x34 C:/Program Files (x86)/Arm GNU Toolchain arm-none-eabi/14.2 rel1/bin/../lib/gcc/arm-none-eabi/14.2.1/thumb/v7e-m+fp/hard\libc_nano.a(libc_a-locale.o)
 .ARM.attributes
                0x000009ce       0x34 C:/Program Files (x86)/Arm GNU Toolchain arm-none-eabi/14.2 rel1/bin/../lib/gcc/arm-none-eabi/14.2.1/thumb/v7e-m+fp/hard\libc_nano.a(libc_a-sbrkr.o)
 .ARM.attributes
                0x00000a02       0x34 C:/Program Files (x86)/Arm GNU Toolchain arm-none-eabi/14.2 rel1/bin/../lib/gcc/arm-none-eabi/14.2.1/thumb/v7e-m+fp/hard\libc_nano.a(libc_a-memcpy-stub.o)
 .ARM.attributes
                0x00000a36       0x34 C:/Program Files (x86)/Arm GNU Toolchain arm-none-eabi/14.2 rel1/bin/../lib/gcc/arm-none-eabi/14.2.1/thumb/v7e-m+fp/hard\libc_nano.a(libc_a-assert.o)
 .ARM.attributes
                0x00000a6a       0x34 C:/Program Files (x86)/Arm GNU Toolchain arm-none-eabi/14.2 rel1/bin/../lib/gcc/arm-none-eabi/14.2.1/thumb/v7e-m+fp/hard\libc_nano.a(libc_a-callocr.o)
 .ARM.attributes
                0x00000a9e       0x34 C:/Program Files (x86)/Arm GNU Toolchain arm-none-eabi/14.2 rel1/bin/../lib/gcc/arm-none-eabi/14.2.1/thumb/v7e-m+fp/hard\libc_nano.a(libc_a-mbtowc_r.o)
 .ARM.attributes
                0x00000ad2       0x34 C:/Program Files (x86)/Arm GNU Toolchain arm-none-eabi/14.2 rel1/bin/../lib/gcc/arm-none-eabi/14.2.1/thumb/v7e-m+fp/hard\libc_nano.a(libc_a-reallocr.o)
 .ARM.attributes
                0x00000b06       0x34 C:/Program Files (x86)/Arm GNU Toolchain arm-none-eabi/14.2 rel1/bin/../lib/gcc/arm-none-eabi/14.2.1/thumb/v7e-m+fp/hard\libc_nano.a(libc_a-wctomb_r.o)
 .ARM.attributes
                0x00000b3a       0x34 C:/Program Files (x86)/Arm GNU Toolchain arm-none-eabi/14.2 rel1/bin/../lib/gcc/arm-none-eabi/14.2.1/thumb/v7e-m+fp/hard\libc_nano.a(libc_a-ctype_.o)
 .ARM.attributes
                0x00000b6e       0x34 C:/Program Files (x86)/Arm GNU Toolchain arm-none-eabi/14.2 rel1/bin/../lib/gcc/arm-none-eabi/14.2.1/thumb/v7e-m+fp/hard\libc_nano.a(libc_a-fprintf.o)
 .ARM.attributes
                0x00000ba2       0x34 C:/Program Files (x86)/Arm GNU Toolchain arm-none-eabi/14.2 rel1/bin/../lib/gcc/arm-none-eabi/14.2.1/thumb/v7e-m+fp/hard\libc_nano.a(libc_a-abort.o)
 .ARM.attributes
                0x00000bd6       0x34 C:/Program Files (x86)/Arm GNU Toolchain arm-none-eabi/14.2 rel1/bin/../lib/gcc/arm-none-eabi/14.2.1/thumb/v7e-m+fp/hard\libc_nano.a(libc_a-msizer.o)
 .ARM.attributes
                0x00000c0a       0x34 C:/Program Files (x86)/Arm GNU Toolchain arm-none-eabi/14.2 rel1/bin/../lib/gcc/arm-none-eabi/14.2.1/thumb/v7e-m+fp/hard\libc_nano.a(libc_a-nano-vfprintf.o)
 .ARM.attributes
                0x00000c3e       0x34 C:/Program Files (x86)/Arm GNU Toolchain arm-none-eabi/14.2 rel1/bin/../lib/gcc/arm-none-eabi/14.2.1/thumb/v7e-m+fp/hard\libc_nano.a(libc_a-wbuf.o)
 .ARM.attributes
                0x00000c72       0x34 C:/Program Files (x86)/Arm GNU Toolchain arm-none-eabi/14.2 rel1/bin/../lib/gcc/arm-none-eabi/14.2.1/thumb/v7e-m+fp/hard\libc_nano.a(libc_a-wsetup.o)
 .ARM.attributes
                0x00000ca6       0x34 C:/Program Files (x86)/Arm GNU Toolchain arm-none-eabi/14.2 rel1/bin/../lib/gcc/arm-none-eabi/14.2.1/thumb/v7e-m+fp/hard\libc_nano.a(libc_a-signal.o)
 .ARM.attributes
                0x00000cda       0x34 C:/Program Files (x86)/Arm GNU Toolchain arm-none-eabi/14.2 rel1/bin/../lib/gcc/arm-none-eabi/14.2.1/thumb/v7e-m+fp/hard\libc_nano.a(libc_a-signalr.o)
 .ARM.attributes
                0x00000d0e       0x34 C:/Program Files (x86)/Arm GNU Toolchain arm-none-eabi/14.2 rel1/bin/../lib/gcc/arm-none-eabi/14.2.1/thumb/v7e-m+fp/hard\libc_nano.a(libc_a-makebuf.o)
 .ARM.attributes
                0x00000d42       0x34 C:/Program Files (x86)/Arm GNU Toolchain arm-none-eabi/14.2 rel1/bin/../lib/gcc/arm-none-eabi/14.2.1/thumb/v7e-m+fp/hard\libc_nano.a(libc_a-fstatr.o)
 .ARM.attributes
                0x00000d76       0x34 C:/Program Files (x86)/Arm GNU Toolchain arm-none-eabi/14.2 rel1/bin/../lib/gcc/arm-none-eabi/14.2.1/thumb/v7e-m+fp/hard\libc_nano.a(libc_a-isattyr.o)
 .ARM.attributes
                0x00000daa       0x34 C:/Program Files (x86)/Arm GNU Toolchain arm-none-eabi/14.2 rel1/bin/../lib/gcc/arm-none-eabi/14.2.1/thumb/v7e-m+fp/hard\libnosys.a(close.o)
 .ARM.attributes
                0x00000dde       0x34 C:/Program Files (x86)/Arm GNU Toolchain arm-none-eabi/14.2 rel1/bin/../lib/gcc/arm-none-eabi/14.2.1/thumb/v7e-m+fp/hard\libnosys.a(fstat.o)
 .ARM.attributes
                0x00000e12       0x34 C:/Program Files (x86)/Arm GNU Toolchain arm-none-eabi/14.2 rel1/bin/../lib/gcc/arm-none-eabi/14.2.1/thumb/v7e-m+fp/hard\libnosys.a(getpid.o)
 .ARM.attributes
                0x00000e46       0x34 C:/Program Files (x86)/Arm GNU Toolchain arm-none-eabi/14.2 rel1/bin/../lib/gcc/arm-none-eabi/14.2.1/thumb/v7e-m+fp/hard\libnosys.a(isatty.o)
 .ARM.attributes
                0x00000e7a       0x34 C:/Program Files (x86)/Arm GNU Toolchain arm-none-eabi/14.2 rel1/bin/../lib/gcc/arm-none-eabi/14.2.1/thumb/v7e-m+fp/hard\libnosys.a(kill.o)
 .ARM.attributes
                0x00000eae       0x34 C:/Program Files (x86)/Arm GNU Toolchain arm-none-eabi/14.2 rel1/bin/../lib/gcc/arm-none-eabi/14.2.1/thumb/v7e-m+fp/hard\libnosys.a(lseek.o)
 .ARM.attributes
                0x00000ee2       0x34 C:/Program Files (x86)/Arm GNU Toolchain arm-none-eabi/14.2 rel1/bin/../lib/gcc/arm-none-eabi/14.2.1/thumb/v7e-m+fp/hard\libnosys.a(read.o)
 .ARM.attributes
                0x00000f16       0x34 C:/Program Files (x86)/Arm GNU Toolchain arm-none-eabi/14.2 rel1/bin/../lib/gcc/arm-none-eabi/14.2.1/thumb/v7e-m+fp/hard\libnosys.a(sbrk.o)
 .ARM.attributes
                0x00000f4a       0x34 C:/Program Files (x86)/Arm GNU Toolchain arm-none-eabi/14.2 rel1/bin/../lib/gcc/arm-none-eabi/14.2.1/thumb/v7e-m+fp/hard\libnosys.a(write.o)
 .ARM.attributes
                0x00000f7e       0x34 C:/Program Files (x86)/Arm GNU Toolchain arm-none-eabi/14.2 rel1/bin/../lib/gcc/arm-none-eabi/14.2.1/thumb/v7e-m+fp/hard\libnosys.a(_exit.o)
 .ARM.attributes
                0x00000fb2       0x22 C:/Program Files (x86)/Arm GNU Toolchain arm-none-eabi/14.2 rel1/bin/../lib/gcc/arm-none-eabi/14.2.1/thumb/v7e-m+fp/hard\libgcc.a(_arm_addsubdf3.o)
 .ARM.attributes
                0x00000fd4       0x22 C:/Program Files (x86)/Arm GNU Toolchain arm-none-eabi/14.2 rel1/bin/../lib/gcc/arm-none-eabi/14.2.1/thumb/v7e-m+fp/hard\libgcc.a(_arm_muldivdf3.o)
 .ARM.attributes
                0x00000ff6       0x22 C:/Program Files (x86)/Arm GNU Toolchain arm-none-eabi/14.2 rel1/bin/../lib/gcc/arm-none-eabi/14.2.1/thumb/v7e-m+fp/hard\libgcc.a(_arm_cmpdf2.o)
 .ARM.attributes
                0x00001018       0x22 C:/Program Files (x86)/Arm GNU Toolchain arm-none-eabi/14.2 rel1/bin/../lib/gcc/arm-none-eabi/14.2.1/thumb/v7e-m+fp/hard\libgcc.a(_arm_unorddf2.o)
 .ARM.attributes
                0x0000103a       0x22 C:/Program Files (x86)/Arm GNU Toolchain arm-none-eabi/14.2 rel1/bin/../lib/gcc/arm-none-eabi/14.2.1/thumb/v7e-m+fp/hard\libgcc.a(_arm_fixdfsi.o)
 .ARM.attributes
                0x0000105c       0x22 C:/Program Files (x86)/Arm GNU Toolchain arm-none-eabi/14.2 rel1/bin/../lib/gcc/arm-none-eabi/14.2.1/thumb/v7e-m+fp/hard\libgcc.a(_aeabi_uldivmod.o)
 .ARM.attributes
                0x0000107e       0x34 C:/Program Files (x86)/Arm GNU Toolchain arm-none-eabi/14.2 rel1/bin/../lib/gcc/arm-none-eabi/14.2.1/thumb/v7e-m+fp/hard\libgcc.a(_udivmoddi4.o)
 .ARM.attributes
                0x000010b2       0x22 C:/Program Files (x86)/Arm GNU Toolchain arm-none-eabi/14.2 rel1/bin/../lib/gcc/arm-none-eabi/14.2.1/thumb/v7e-m+fp/hard\libgcc.a(_dvmd_tls.o)
 .ARM.attributes
                0x000010d4       0x34 C:/Program Files (x86)/Arm GNU Toolchain arm-none-eabi/14.2 rel1/bin/../lib/gcc/arm-none-eabi/14.2.1/thumb/v7e-m+fp/hard/crtend.o
 .ARM.attributes
                0x00001108       0x22 C:/Program Files (x86)/Arm GNU Toolchain arm-none-eabi/14.2 rel1/bin/../lib/gcc/arm-none-eabi/14.2.1/thumb/v7e-m+fp/hard/crtn.o
OUTPUT(build/EXP02_MCP3208.elf elf32-littlearm)
LOAD linker stubs
LOAD C:/Program Files (x86)/Arm GNU Toolchain arm-none-eabi/14.2 rel1/bin/../lib/gcc/arm-none-eabi/14.2.1/thumb/v7e-m+fp/hard\libc.a
LOAD C:/Program Files (x86)/Arm GNU Toolchain arm-none-eabi/14.2 rel1/bin/../lib/gcc/arm-none-eabi/14.2.1/thumb/v7e-m+fp/hard\libm.a
LOAD C:/Program Files (x86)/Arm GNU Toolchain arm-none-eabi/14.2 rel1/bin/../lib/gcc/arm-none-eabi/14.2.1/thumb/v7e-m+fp/hard\libgcc.a

.debug_info     0x00000000    0x19ac8
 .debug_info    0x00000000     0x15cf build/main.o
 .debug_info    0x000015cf      0x5b1 build/gpio.o
 .debug_info    0x00001b80     0x11ee build/adc.o
 .debug_info    0x00002d6e      0xbd7 build/spi.o
 .debug_info    0x00003945      0xf8a build/usart.o
 .debug_info    0x000048cf      0x19e build/stm32l4xx_it.o
 .debug_info    0x00004a6d      0x3a5 build/stm32l4xx_hal_msp.o
 .debug_info    0x00004e12     0x358c build/stm32l4xx_hal_adc.o
 .debug_info    0x0000839e     0x2e65 build/stm32l4xx_hal_adc_ex.o
 .debug_info    0x0000b203      0xe97 build/stm32l4xx_hal.o
 .debug_info    0x0000c09a     0x10e1 build/stm32l4xx_hal_rcc.o
 .debug_info    0x0000d17b     0x1433 build/stm32l4xx_hal_rcc_ex.o
 .debug_info    0x0000e5ae      0x961 build/stm32l4xx_hal_gpio.o
 .debug_info    0x0000ef0f      0xbf7 build/stm32l4xx_hal_pwr_ex.o
 .debug_info    0x0000fb06     0x11fd build/stm32l4xx_hal_cortex.o
 .debug_info    0x00010d03     0x2267 build/stm32l4xx_hal_spi.o
 .debug_info    0x00012f6a     0x5588 build/stm32l4xx_hal_uart.o
 .debug_info    0x000184f2      0x69a build/system_stm32l4xx.o
 .debug_info    0x00018b8c      0xf0c build/mcp3208.o
 .debug_info    0x00019a98       0x30 build/startup_stm32l476xx.o

.debug_abbrev   0x00000000     0x2e26
 .debug_abbrev  0x00000000      0x31e build/main.o
 .debug_abbrev  0x0000031e      0x178 build/gpio.o
 .debug_abbrev  0x00000496      0x218 build/adc.o
 .debug_abbrev  0x000006ae      0x220 build/spi.o
 .debug_abbrev  0x000008ce      0x218 build/usart.o
 .debug_abbrev  0x00000ae6       0xb9 build/stm32l4xx_it.o
 .debug_abbrev  0x00000b9f       0xeb build/stm32l4xx_hal_msp.o
 .debug_abbrev  0x00000c8a      0x364 build/stm32l4xx_hal_adc.o
 .debug_abbrev  0x00000fee      0x3ec build/stm32l4xx_hal_adc_ex.o
 .debug_abbrev  0x000013da      0x295 build/stm32l4xx_hal.o
 .debug_abbrev  0x0000166f      0x2ef build/stm32l4xx_hal_rcc.o
 .debug_abbrev  0x0000195e      0x2ef build/stm32l4xx_hal_rcc_ex.o
 .debug_abbrev  0x00001c4d      0x23a build/stm32l4xx_hal_gpio.o
 .debug_abbrev  0x00001e87      0x244 build/stm32l4xx_hal_pwr_ex.o
 .debug_abbrev  0x000020cb      0x3db build/stm32l4xx_hal_cortex.o
 .debug_abbrev  0x000024a6      0x2c7 build/stm32l4xx_hal_spi.o
 .debug_abbrev  0x0000276d      0x352 build/stm32l4xx_hal_uart.o
 .debug_abbrev  0x00002abf      0x12c build/system_stm32l4xx.o
 .debug_abbrev  0x00002beb      0x21e build/mcp3208.o
 .debug_abbrev  0x00002e09       0x1d build/startup_stm32l476xx.o

.debug_loc      0x00000000    0x11e3e
 .debug_loc     0x00000000      0x2d0 build/main.o
 .debug_loc     0x000002d0       0x38 build/gpio.o
 .debug_loc     0x00000308      0x11a build/adc.o
 .debug_loc     0x00000422      0x120 build/spi.o
 .debug_loc     0x00000542       0xf6 build/usart.o
 .debug_loc     0x00000638       0x20 build/stm32l4xx_it.o
 .debug_loc     0x00000658       0x2c build/stm32l4xx_hal_msp.o
 .debug_loc     0x00000684     0x2b46 build/stm32l4xx_hal_adc.o
 .debug_loc     0x000031ca     0x27f8 build/stm32l4xx_hal_adc_ex.o
 .debug_loc     0x000059c2      0x2cd build/stm32l4xx_hal.o
 .debug_loc     0x00005c8f      0x9ae build/stm32l4xx_hal_rcc.o
 .debug_loc     0x0000663d     0x1e3c build/stm32l4xx_hal_rcc_ex.o
 .debug_loc     0x00008479      0x4b3 build/stm32l4xx_hal_gpio.o
 .debug_loc     0x0000892c      0xa62 build/stm32l4xx_hal_pwr_ex.o
 .debug_loc     0x0000938e      0x8ff build/stm32l4xx_hal_cortex.o
 .debug_loc     0x00009c8d     0x289a build/stm32l4xx_hal_spi.o
 .debug_loc     0x0000c527     0x5581 build/stm32l4xx_hal_uart.o
 .debug_loc     0x00011aa8      0x11a build/system_stm32l4xx.o
 .debug_loc     0x00011bc2      0x27c build/mcp3208.o

.debug_aranges  0x00000000      0xd48
 .debug_aranges
                0x00000000       0x58 build/main.o
 .debug_aranges
                0x00000058       0x20 build/gpio.o
 .debug_aranges
                0x00000078       0x30 build/adc.o
 .debug_aranges
                0x000000a8       0x30 build/spi.o
 .debug_aranges
                0x000000d8       0x30 build/usart.o
 .debug_aranges
                0x00000108       0x60 build/stm32l4xx_it.o
 .debug_aranges
                0x00000168       0x20 build/stm32l4xx_hal_msp.o
 .debug_aranges
                0x00000188      0x110 build/stm32l4xx_hal_adc.o
 .debug_aranges
                0x00000298      0x100 build/stm32l4xx_hal_adc_ex.o
 .debug_aranges
                0x00000398      0x130 build/stm32l4xx_hal.o
 .debug_aranges
                0x000004c8       0x90 build/stm32l4xx_hal_rcc.o
 .debug_aranges
                0x00000558       0xc0 build/stm32l4xx_hal_rcc_ex.o
 .debug_aranges
                0x00000618       0x58 build/stm32l4xx_hal_gpio.o
 .debug_aranges
                0x00000670      0x160 build/stm32l4xx_hal_pwr_ex.o
 .debug_aranges
                0x000007d0       0xf0 build/stm32l4xx_hal_cortex.o
 .debug_aranges
                0x000008c0      0x1d8 build/stm32l4xx_hal_spi.o
 .debug_aranges
                0x00000a98      0x228 build/stm32l4xx_hal_uart.o
 .debug_aranges
                0x00000cc0       0x28 build/system_stm32l4xx.o
 .debug_aranges
                0x00000ce8       0x38 build/mcp3208.o
 .debug_aranges
                0x00000d20       0x28 build/startup_stm32l476xx.o

.debug_ranges   0x00000000     0x1018
 .debug_ranges  0x00000000       0x48 build/main.o
 .debug_ranges  0x00000048       0x10 build/gpio.o
 .debug_ranges  0x00000058       0x20 build/adc.o
 .debug_ranges  0x00000078       0x20 build/spi.o
 .debug_ranges  0x00000098       0x20 build/usart.o
 .debug_ranges  0x000000b8       0x50 build/stm32l4xx_it.o
 .debug_ranges  0x00000108       0x10 build/stm32l4xx_hal_msp.o
 .debug_ranges  0x00000118      0x3a0 build/stm32l4xx_hal_adc.o
 .debug_ranges  0x000004b8      0x1f8 build/stm32l4xx_hal_adc_ex.o
 .debug_ranges  0x000006b0      0x120 build/stm32l4xx_hal.o
 .debug_ranges  0x000007d0       0x98 build/stm32l4xx_hal_rcc.o
 .debug_ranges  0x00000868       0xc8 build/stm32l4xx_hal_rcc_ex.o
 .debug_ranges  0x00000930       0x48 build/stm32l4xx_hal_gpio.o
 .debug_ranges  0x00000978      0x150 build/stm32l4xx_hal_pwr_ex.o
 .debug_ranges  0x00000ac8       0xe0 build/stm32l4xx_hal_cortex.o
 .debug_ranges  0x00000ba8      0x1c8 build/stm32l4xx_hal_spi.o
 .debug_ranges  0x00000d70      0x230 build/stm32l4xx_hal_uart.o
 .debug_ranges  0x00000fa0       0x18 build/system_stm32l4xx.o
 .debug_ranges  0x00000fb8       0x40 build/mcp3208.o
 .debug_ranges  0x00000ff8       0x20 build/startup_stm32l476xx.o

.debug_line     0x00000000    0x1102d
 .debug_line    0x00000000      0x674 build/main.o
 .debug_line    0x00000674      0x1e2 build/gpio.o
 .debug_line    0x00000856      0x444 build/adc.o
 .debug_line    0x00000c9a      0x327 build/spi.o
 .debug_line    0x00000fc1      0x360 build/usart.o
 .debug_line    0x00001321      0x22c build/stm32l4xx_it.o
 .debug_line    0x0000154d      0x1ae build/stm32l4xx_hal_msp.o
 .debug_line    0x000016fb     0x2387 build/stm32l4xx_hal_adc.o
 .debug_line    0x00003a82     0x1dc5 build/stm32l4xx_hal_adc_ex.o
 .debug_line    0x00005847      0x6d7 build/stm32l4xx_hal.o
 .debug_line    0x00005f1e      0xfe7 build/stm32l4xx_hal_rcc.o
 .debug_line    0x00006f05     0x15ea build/stm32l4xx_hal_rcc_ex.o
 .debug_line    0x000084ef      0x737 build/stm32l4xx_hal_gpio.o
 .debug_line    0x00008c26      0xac2 build/stm32l4xx_hal_pwr_ex.o
 .debug_line    0x000096e8      0x835 build/stm32l4xx_hal_cortex.o
 .debug_line    0x00009f1d     0x2919 build/stm32l4xx_hal_spi.o
 .debug_line    0x0000c836     0x40ae build/stm32l4xx_hal_uart.o
 .debug_line    0x000108e4      0x2e6 build/system_stm32l4xx.o
 .debug_line    0x00010bca      0x3f0 build/mcp3208.o
 .debug_line    0x00010fba       0x73 build/startup_stm32l476xx.o

.debug_str      0x00000000     0x4ad8
 .debug_str     0x00000000     0x4ad8 build/main.o
                                0xcc1 (size before relaxing)
 .debug_str     0x00004ad8      0x3d8 build/gpio.o
 .debug_str     0x00004ad8      0xc0c build/adc.o
 .debug_str     0x00004ad8      0x7f3 build/spi.o
 .debug_str     0x00004ad8      0xb07 build/usart.o
 .debug_str     0x00004ad8      0x23b build/stm32l4xx_it.o
 .debug_str     0x00004ad8      0x314 build/stm32l4xx_hal_msp.o
 .debug_str     0x00004ad8     0x110f build/stm32l4xx_hal_adc.o
 .debug_str     0x00004ad8     0x111a build/stm32l4xx_hal_adc_ex.o
 .debug_str     0x00004ad8      0xd70 build/stm32l4xx_hal.o
 .debug_str     0x00004ad8      0x896 build/stm32l4xx_hal_rcc.o
 .debug_str     0x00004ad8      0xac7 build/stm32l4xx_hal_rcc_ex.o
 .debug_str     0x00004ad8      0x54c build/stm32l4xx_hal_gpio.o
 .debug_str     0x00004ad8      0x849 build/stm32l4xx_hal_pwr_ex.o
 .debug_str     0x00004ad8      0xc4c build/stm32l4xx_hal_cortex.o
 .debug_str     0x00004ad8      0xbd5 build/stm32l4xx_hal_spi.o
 .debug_str     0x00004ad8     0x100e build/stm32l4xx_hal_uart.o
 .debug_str     0x00004ad8      0x3d3 build/system_stm32l4xx.o
 .debug_str     0x00004ad8      0x907 build/mcp3208.o
 .debug_str     0x00004ad8       0x69 build/startup_stm32l476xx.o

.comment        0x00000000       0x45
 .comment       0x00000000       0x45 build/main.o
                                 0x46 (size before relaxing)
 .comment       0x00000045       0x46 build/gpio.o
 .comment       0x00000045       0x46 build/adc.o
 .comment       0x00000045       0x46 build/spi.o
 .comment       0x00000045       0x46 build/usart.o
 .comment       0x00000045       0x46 build/stm32l4xx_it.o
 .comment       0x00000045       0x46 build/stm32l4xx_hal_msp.o
 .comment       0x00000045       0x46 build/stm32l4xx_hal_adc.o
 .comment       0x00000045       0x46 build/stm32l4xx_hal_adc_ex.o
 .comment       0x00000045       0x46 build/stm32l4xx_hal.o
 .comment       0x00000045       0x46 build/stm32l4xx_hal_rcc.o
 .comment       0x00000045       0x46 build/stm32l4xx_hal_rcc_ex.o
 .comment       0x00000045       0x46 build/stm32l4xx_hal_gpio.o
 .comment       0x00000045       0x46 build/stm32l4xx_hal_pwr_ex.o
 .comment       0x00000045       0x46 build/stm32l4xx_hal_cortex.o
 .comment       0x00000045       0x46 build/stm32l4xx_hal_spi.o
 .comment       0x00000045       0x46 build/stm32l4xx_hal_uart.o
 .comment       0x00000045       0x46 build/system_stm32l4xx.o
 .comment       0x00000045       0x46 build/mcp3208.o

.debug_frame    0x00000000     0x353c
 .debug_frame   0x00000000       0xfc build/main.o
 .debug_frame   0x000000fc       0x34 build/gpio.o
 .debug_frame   0x00000130       0x6c build/adc.o
 .debug_frame   0x0000019c       0x60 build/spi.o
 .debug_frame   0x000001fc       0x64 build/usart.o
 .debug_frame   0x00000260       0xa8 build/stm32l4xx_it.o
 .debug_frame   0x00000308       0x28 build/stm32l4xx_hal_msp.o
 .debug_frame   0x00000330      0x320 build/stm32l4xx_hal_adc.o
 .debug_frame   0x00000650      0x2f0 build/stm32l4xx_hal_adc_ex.o
 .debug_frame   0x00000940      0x274 build/stm32l4xx_hal.o
 .debug_frame   0x00000bb4      0x19c build/stm32l4xx_hal_rcc.o
 .debug_frame   0x00000d50      0x204 build/stm32l4xx_hal_rcc_ex.o
 .debug_frame   0x00000f54       0xd0 build/stm32l4xx_hal_gpio.o
 .debug_frame   0x00001024      0x2b8 build/stm32l4xx_hal_pwr_ex.o
 .debug_frame   0x000012dc      0x204 build/stm32l4xx_hal_cortex.o
 .debug_frame   0x000014e0      0x5e4 build/stm32l4xx_hal_spi.o
 .debug_frame   0x00001ac4      0x600 build/stm32l4xx_hal_uart.o
 .debug_frame   0x000020c4       0x30 build/system_stm32l4xx.o
 .debug_frame   0x000020f4       0x9c build/mcp3208.o
 .debug_frame   0x00002190       0x90 C:/Program Files (x86)/Arm GNU Toolchain arm-none-eabi/14.2 rel1/bin/../lib/gcc/arm-none-eabi/14.2.1/thumb/v7e-m+fp/hard\libc_nano.a(libc_a-nano-vfprintf_float.o)
 .debug_frame   0x00002220       0x60 C:/Program Files (x86)/Arm GNU Toolchain arm-none-eabi/14.2 rel1/bin/../lib/gcc/arm-none-eabi/14.2.1/thumb/v7e-m+fp/hard\libc_nano.a(libc_a-nano-vfprintf_i.o)
 .debug_frame   0x00002280      0x144 C:/Program Files (x86)/Arm GNU Toolchain arm-none-eabi/14.2 rel1/bin/../lib/gcc/arm-none-eabi/14.2.1/thumb/v7e-m+fp/hard\libc_nano.a(libc_a-findfp.o)
 .debug_frame   0x000023c4       0x34 C:/Program Files (x86)/Arm GNU Toolchain arm-none-eabi/14.2 rel1/bin/../lib/gcc/arm-none-eabi/14.2.1/thumb/v7e-m+fp/hard\libc_nano.a(libc_a-fwalk.o)
 .debug_frame   0x000023f8       0x7c C:/Program Files (x86)/Arm GNU Toolchain arm-none-eabi/14.2 rel1/bin/../lib/gcc/arm-none-eabi/14.2.1/thumb/v7e-m+fp/hard\libc_nano.a(libc_a-snprintf.o)
 .debug_frame   0x00002474       0x88 C:/Program Files (x86)/Arm GNU Toolchain arm-none-eabi/14.2 rel1/bin/../lib/gcc/arm-none-eabi/14.2.1/thumb/v7e-m+fp/hard\libc_nano.a(libc_a-stdio.o)
 .debug_frame   0x000024fc       0x20 C:/Program Files (x86)/Arm GNU Toolchain arm-none-eabi/14.2 rel1/bin/../lib/gcc/arm-none-eabi/14.2.1/thumb/v7e-m+fp/hard\libc_nano.a(libc_a-memset.o)
 .debug_frame   0x0000251c       0x40 C:/Program Files (x86)/Arm GNU Toolchain arm-none-eabi/14.2 rel1/bin/../lib/gcc/arm-none-eabi/14.2.1/thumb/v7e-m+fp/hard\libc_nano.a(libc_a-localeconv.o)
 .debug_frame   0x0000255c       0x2c C:/Program Files (x86)/Arm GNU Toolchain arm-none-eabi/14.2 rel1/bin/../lib/gcc/arm-none-eabi/14.2.1/thumb/v7e-m+fp/hard\libc_nano.a(libc_a-closer.o)
 .debug_frame   0x00002588       0x38 C:/Program Files (x86)/Arm GNU Toolchain arm-none-eabi/14.2 rel1/bin/../lib/gcc/arm-none-eabi/14.2.1/thumb/v7e-m+fp/hard\libc_nano.a(libc_a-reent.o)
 .debug_frame   0x000025c0       0x2c C:/Program Files (x86)/Arm GNU Toolchain arm-none-eabi/14.2 rel1/bin/../lib/gcc/arm-none-eabi/14.2.1/thumb/v7e-m+fp/hard\libc_nano.a(libc_a-lseekr.o)
 .debug_frame   0x000025ec       0x2c C:/Program Files (x86)/Arm GNU Toolchain arm-none-eabi/14.2 rel1/bin/../lib/gcc/arm-none-eabi/14.2.1/thumb/v7e-m+fp/hard\libc_nano.a(libc_a-readr.o)
 .debug_frame   0x00002618       0x2c C:/Program Files (x86)/Arm GNU Toolchain arm-none-eabi/14.2 rel1/bin/../lib/gcc/arm-none-eabi/14.2.1/thumb/v7e-m+fp/hard\libc_nano.a(libc_a-writer.o)
 .debug_frame   0x00002644       0x2c C:/Program Files (x86)/Arm GNU Toolchain arm-none-eabi/14.2 rel1/bin/../lib/gcc/arm-none-eabi/14.2.1/thumb/v7e-m+fp/hard\libc_nano.a(libc_a-init.o)
 .debug_frame   0x00002670       0xb0 C:/Program Files (x86)/Arm GNU Toolchain arm-none-eabi/14.2 rel1/bin/../lib/gcc/arm-none-eabi/14.2.1/thumb/v7e-m+fp/hard\libc_nano.a(libc_a-lock.o)
 .debug_frame   0x00002720       0x4c C:/Program Files (x86)/Arm GNU Toolchain arm-none-eabi/14.2 rel1/bin/../lib/gcc/arm-none-eabi/14.2.1/thumb/v7e-m+fp/hard\libc_nano.a(libc_a-memchr.o)
 .debug_frame   0x0000276c       0x20 C:/Program Files (x86)/Arm GNU Toolchain arm-none-eabi/14.2 rel1/bin/../lib/gcc/arm-none-eabi/14.2.1/thumb/v7e-m+fp/hard\libc_nano.a(libc_a-strlen.o)
 .debug_frame   0x0000278c       0x6c C:/Program Files (x86)/Arm GNU Toolchain arm-none-eabi/14.2 rel1/bin/../lib/gcc/arm-none-eabi/14.2.1/thumb/v7e-m+fp/hard\libc_nano.a(libc_a-dtoa.o)
 .debug_frame   0x000027f8       0x38 C:/Program Files (x86)/Arm GNU Toolchain arm-none-eabi/14.2 rel1/bin/../lib/gcc/arm-none-eabi/14.2.1/thumb/v7e-m+fp/hard\libc_nano.a(libc_a-freer.o)
 .debug_frame   0x00002830       0x30 C:/Program Files (x86)/Arm GNU Toolchain arm-none-eabi/14.2 rel1/bin/../lib/gcc/arm-none-eabi/14.2.1/thumb/v7e-m+fp/hard\libc_nano.a(libc_a-malloc.o)
 .debug_frame   0x00002860       0x50 C:/Program Files (x86)/Arm GNU Toolchain arm-none-eabi/14.2 rel1/bin/../lib/gcc/arm-none-eabi/14.2.1/thumb/v7e-m+fp/hard\libc_nano.a(libc_a-mallocr.o)
 .debug_frame   0x000028b0       0x30 C:/Program Files (x86)/Arm GNU Toolchain arm-none-eabi/14.2 rel1/bin/../lib/gcc/arm-none-eabi/14.2.1/thumb/v7e-m+fp/hard\libc_nano.a(libc_a-mlock.o)
 .debug_frame   0x000028e0      0x264 C:/Program Files (x86)/Arm GNU Toolchain arm-none-eabi/14.2 rel1/bin/../lib/gcc/arm-none-eabi/14.2.1/thumb/v7e-m+fp/hard\libc_nano.a(libc_a-mprec.o)
 .debug_frame   0x00002b44       0x90 C:/Program Files (x86)/Arm GNU Toolchain arm-none-eabi/14.2 rel1/bin/../lib/gcc/arm-none-eabi/14.2.1/thumb/v7e-m+fp/hard\libc_nano.a(libc_a-nano-svfprintf.o)
 .debug_frame   0x00002bd4       0x5c C:/Program Files (x86)/Arm GNU Toolchain arm-none-eabi/14.2 rel1/bin/../lib/gcc/arm-none-eabi/14.2.1/thumb/v7e-m+fp/hard\libc_nano.a(libc_a-fflush.o)
 .debug_frame   0x00002c30       0x28 C:/Program Files (x86)/Arm GNU Toolchain arm-none-eabi/14.2 rel1/bin/../lib/gcc/arm-none-eabi/14.2.1/thumb/v7e-m+fp/hard\libc_nano.a(libc_a-memmove.o)
 .debug_frame   0x00002c58       0x48 C:/Program Files (x86)/Arm GNU Toolchain arm-none-eabi/14.2 rel1/bin/../lib/gcc/arm-none-eabi/14.2.1/thumb/v7e-m+fp/hard\libc_nano.a(libc_a-locale.o)